

================================================================
== Synthesis Summary Report of 'apskdemod'
================================================================
+ General Information: 
    * Date:           Sun Jul  4 23:20:19 2021
    * Version:        2020.2 (Build 3064766 on Wed Nov 18 09:12:47 MST 2020)
    * Project:        apskdemod
    * Solution:       solution1 (Vivado IP Flow Target)
    * Product family: virtexuplus
    * Target device:  xcvu37p-fsvh2892-2L-e
    

+ Performance & Resource Estimates: 
    
    PS: '+' for module; 'o' for loop; '*' for dataflow
    +---------------------------------------------------------------------------------------------+--------+-------+---------+-----------+----------+---------+------+----------+----------+----------+-------------+------------+-----+
    |                                           Modules                                           |  Issue |       | Latency |  Latency  | Iteration|         | Trip |          |          |          |             |            |     |
    |                                           & Loops                                           |  Type  | Slack | (cycles)|    (ns)   |  Latency | Interval| Count| Pipelined|   BRAM   |    DSP   |      FF     |     LUT    | URAM|
    +---------------------------------------------------------------------------------------------+--------+-------+---------+-----------+----------+---------+------+----------+----------+----------+-------------+------------+-----+
    |+ apskdemod                                                                                  |  Timing|   0.00|     1804|  1.804e+04|         -|     1805|     -|        no|  13 (~0%)|  89 (~0%)|  23129 (~0%)|  60372 (4%)|    -|
    | + grp_atan2_cordic_float_s_fu_742                                                           |      II|  -0.14|       17|    170.000|         -|        1|     -|       yes|         -|   4 (~0%)|   4347 (~0%)|  20253 (1%)|    -|
    |  + grp_atan2_generic_float_s_fu_169                                                         |      II|  -0.14|        9|     90.000|         -|        1|     -|       yes|         -|         -|   1897 (~0%)|  18887 (1%)|    -|
    |   + trunc_ln657_8_addsub_0_0_ap_fixed_43_4_5_3_0_ap_fixed_43_4_5_3_0_bool_s_fu_348          |      II|  -6.09|        0|      0.000|         -|        1|     -|       yes|         -|         -|            -|   143 (~0%)|    -|
    |   + trunc_ln657_1_addsub_0_0_ap_fixed_43_4_5_3_0_ap_fixed_43_4_5_3_0_bool_s_fu_355          |      II|  -6.09|        0|      0.000|         -|        1|     -|       yes|         -|         -|            -|   143 (~0%)|    -|
    |   + trunc_ln657_4_addsub_0_0_ap_fixed_43_4_5_3_0_ap_fixed_43_4_5_3_0_bool_s_fu_363          |      II|  -6.09|        0|      0.000|         -|        1|     -|       yes|         -|         -|            -|   143 (~0%)|    -|
    |   + trunc_ln657_7_addsub_0_0_ap_fixed_43_4_5_3_0_ap_fixed_43_4_5_3_0_bool_s_fu_371          |      II|  -6.09|        0|      0.000|         -|        1|     -|       yes|         -|         -|            -|   143 (~0%)|    -|
    |   + trunc_ln657_12_addsub_0_0_ap_fixed_43_4_5_3_0_ap_fixed_43_4_5_3_0_bool_s_fu_378         |      II|  -6.09|        0|      0.000|         -|        1|     -|       yes|         -|         -|            -|   143 (~0%)|    -|
    |   + trunc_ln657_15_addsub_0_0_ap_fixed_43_4_5_3_0_ap_fixed_43_4_5_3_0_bool_s_fu_386         |      II|  -6.09|        0|      0.000|         -|        1|     -|       yes|         -|         -|            -|   143 (~0%)|    -|
    |   + trunc_ln657_18_addsub_0_0_ap_fixed_43_4_5_3_0_ap_fixed_43_4_5_3_0_bool_s_fu_394         |      II|  -6.09|        0|      0.000|         -|        1|     -|       yes|         -|         -|            -|   143 (~0%)|    -|
    |   + trunc_ln657_21_addsub_0_0_ap_fixed_43_4_5_3_0_ap_fixed_43_4_5_3_0_bool_s_fu_402         |      II|  -6.09|        0|      0.000|         -|        1|     -|       yes|         -|         -|            -|   143 (~0%)|    -|
    |   + trunc_ln657_24_addsub_0_0_ap_fixed_43_4_5_3_0_ap_fixed_43_4_5_3_0_bool_s_fu_410         |      II|  -6.09|        0|      0.000|         -|        1|     -|       yes|         -|         -|            -|   143 (~0%)|    -|
    |   + trunc_ln657_27_addsub_0_0_ap_fixed_43_4_5_3_0_ap_fixed_43_4_5_3_0_bool_s_fu_417         |      II|  -6.09|        0|      0.000|         -|        1|     -|       yes|         -|         -|            -|   143 (~0%)|    -|
    |   + trunc_ln657_30_addsub_0_0_ap_fixed_43_4_5_3_0_ap_fixed_43_4_5_3_0_bool_s_fu_425         |      II|  -6.09|        0|      0.000|         -|        1|     -|       yes|         -|         -|            -|   143 (~0%)|    -|
    |   + trunc_ln657_33_addsub_0_0_ap_fixed_43_4_5_3_0_ap_fixed_43_4_5_3_0_bool_s_fu_433         |      II|  -6.09|        0|      0.000|         -|        1|     -|       yes|         -|         -|            -|   143 (~0%)|    -|
    |   + trunc_ln657_36_addsub_0_0_ap_fixed_43_4_5_3_0_ap_fixed_43_4_5_3_0_bool_s_fu_441         |      II|  -6.09|        0|      0.000|         -|        1|     -|       yes|         -|         -|            -|   143 (~0%)|    -|
    |   + trunc_ln657_39_addsub_0_0_ap_fixed_43_4_5_3_0_ap_fixed_43_4_5_3_0_bool_s_fu_449         |      II|  -6.09|        0|      0.000|         -|        1|     -|       yes|         -|         -|            -|   143 (~0%)|    -|
    |   + trunc_ln657_42_addsub_0_0_ap_fixed_43_4_5_3_0_ap_fixed_43_4_5_3_0_bool_s_fu_456         |      II|  -6.09|        0|      0.000|         -|        1|     -|       yes|         -|         -|            -|   143 (~0%)|    -|
    |   + trunc_ln657_45_addsub_0_0_ap_fixed_43_4_5_3_0_ap_fixed_43_4_5_3_0_bool_s_fu_464         |      II|  -6.09|        0|      0.000|         -|        1|     -|       yes|         -|         -|            -|   143 (~0%)|    -|
    |   + trunc_ln657_48_addsub_0_0_ap_fixed_43_4_5_3_0_ap_fixed_43_4_5_3_0_bool_s_fu_472         |      II|  -6.09|        0|      0.000|         -|        1|     -|       yes|         -|         -|            -|   143 (~0%)|    -|
    |   + trunc_ln657_51_addsub_0_0_ap_fixed_43_4_5_3_0_ap_fixed_43_4_5_3_0_bool_s_fu_480         |      II|  -6.09|        0|      0.000|         -|        1|     -|       yes|         -|         -|            -|   143 (~0%)|    -|
    |   + trunc_ln657_54_addsub_0_0_ap_fixed_43_4_5_3_0_ap_fixed_43_4_5_3_0_bool_s_fu_488         |      II|  -6.09|        0|      0.000|         -|        1|     -|       yes|         -|         -|            -|   143 (~0%)|    -|
    |   + trunc_ln657_57_addsub_0_0_ap_fixed_43_4_5_3_0_ap_fixed_43_4_5_3_0_bool_s_fu_495         |      II|  -6.09|        0|      0.000|         -|        1|     -|       yes|         -|         -|            -|   143 (~0%)|    -|
    |   + trunc_ln657_60_addsub_0_0_ap_fixed_43_4_5_3_0_ap_fixed_43_4_5_3_0_bool_s_fu_503         |      II|  -6.09|        0|      0.000|         -|        1|     -|       yes|         -|         -|            -|   143 (~0%)|    -|
    |   + trunc_ln657_63_addsub_0_0_ap_fixed_43_4_5_3_0_ap_fixed_43_4_5_3_0_bool_s_fu_511         |      II|  -6.09|        0|      0.000|         -|        1|     -|       yes|         -|         -|            -|   143 (~0%)|    -|
    |   + trunc_ln657_66_addsub_0_0_ap_fixed_43_4_5_3_0_ap_fixed_43_4_5_3_0_bool_s_fu_519         |      II|  -6.09|        0|      0.000|         -|        1|     -|       yes|         -|         -|            -|   143 (~0%)|    -|
    |   + trunc_ln657_69_addsub_0_0_ap_fixed_43_4_5_3_0_ap_fixed_43_4_5_3_0_bool_s_fu_527         |      II|  -6.09|        0|      0.000|         -|        1|     -|       yes|         -|         -|            -|   143 (~0%)|    -|
    |   + trunc_ln657_72_addsub_0_0_ap_fixed_43_4_5_3_0_ap_fixed_43_4_5_3_0_bool_s_fu_534         |      II|  -6.09|        0|      0.000|         -|        1|     -|       yes|         -|         -|            -|   143 (~0%)|    -|
    |   + trunc_ln657_75_addsub_0_0_ap_fixed_43_4_5_3_0_ap_fixed_43_4_5_3_0_bool_s_fu_542         |      II|  -6.09|        0|      0.000|         -|        1|     -|       yes|         -|         -|            -|   143 (~0%)|    -|
    |   + trunc_ln657_78_addsub_0_0_ap_fixed_43_4_5_3_0_ap_fixed_43_4_5_3_0_bool_s_fu_550         |      II|  -6.09|        0|      0.000|         -|        1|     -|       yes|         -|         -|            -|   143 (~0%)|    -|
    |   + trunc_ln657_81_addsub_0_0_ap_fixed_43_4_5_3_0_ap_fixed_43_4_5_3_0_bool_s_fu_558         |      II|  -6.09|        0|      0.000|         -|        1|     -|       yes|         -|         -|            -|   143 (~0%)|    -|
    |   + trunc_ln657_84_addsub_0_0_ap_fixed_43_4_5_3_0_ap_fixed_43_4_5_3_0_bool_s_fu_566         |      II|  -6.09|        0|      0.000|         -|        1|     -|       yes|         -|         -|            -|   143 (~0%)|    -|
    |   + trunc_ln657_87_addsub_0_0_ap_fixed_43_4_5_3_0_ap_fixed_43_4_5_3_0_bool_s_fu_573         |      II|  -6.09|        0|      0.000|         -|        1|     -|       yes|         -|         -|            -|   143 (~0%)|    -|
    |   + trunc_ln657_90_addsub_0_0_ap_fixed_43_4_5_3_0_ap_fixed_43_4_5_3_0_bool_s_fu_581         |      II|  -6.09|        0|      0.000|         -|        1|     -|       yes|         -|         -|            -|   143 (~0%)|    -|
    |   + trunc_ln657_93_addsub_0_0_ap_fixed_43_4_5_3_0_ap_fixed_43_4_5_3_0_bool_s_fu_589         |      II|  -6.09|        0|      0.000|         -|        1|     -|       yes|         -|         -|            -|   143 (~0%)|    -|
    |   + trunc_ln657_96_addsub_0_0_ap_fixed_43_4_5_3_0_ap_fixed_43_4_5_3_0_bool_s_fu_597         |      II|  -6.09|        0|      0.000|         -|        1|     -|       yes|         -|         -|            -|   143 (~0%)|    -|
    |   + trunc_ln657_99_addsub_0_0_ap_fixed_43_4_5_3_0_ap_fixed_43_4_5_3_0_bool_s_fu_605         |      II|  -6.09|        0|      0.000|         -|        1|     -|       yes|         -|         -|            -|   143 (~0%)|    -|
    |   + trunc_ln657_102_addsub_0_0_ap_fixed_43_4_5_3_0_ap_fixed_43_4_5_3_0_bool_s_fu_612        |      II|  -6.09|        0|      0.000|         -|        1|     -|       yes|         -|         -|            -|   143 (~0%)|    -|
    |   + trunc_ln657_105_addsub_0_0_ap_fixed_43_4_5_3_0_ap_fixed_43_4_5_3_0_bool_s_fu_620        |      II|  -6.09|        0|      0.000|         -|        1|     -|       yes|         -|         -|            -|   143 (~0%)|    -|
    |   + trunc_ln657_108_addsub_0_0_ap_fixed_43_4_5_3_0_ap_fixed_43_4_5_3_0_bool_s_fu_628        |      II|  -6.09|        0|      0.000|         -|        1|     -|       yes|         -|         -|            -|   143 (~0%)|    -|
    |   + trunc_ln657_111_addsub_0_0_ap_fixed_43_4_5_3_0_ap_fixed_43_4_5_3_0_bool_s_fu_636        |      II|  -6.09|        0|      0.000|         -|        1|     -|       yes|         -|         -|            -|   143 (~0%)|    -|
    |   + trunc_ln657_114_addsub_0_0_ap_fixed_43_4_5_3_0_ap_fixed_43_4_5_3_0_bool_s_fu_644        |      II|  -6.09|        0|      0.000|         -|        1|     -|       yes|         -|         -|            -|   143 (~0%)|    -|
    |   + trunc_ln657_117_addsub_0_0_ap_fixed_43_4_5_3_0_ap_fixed_43_4_5_3_0_bool_s_fu_651        |      II|  -6.09|        0|      0.000|         -|        1|     -|       yes|         -|         -|            -|   143 (~0%)|    -|
    |   + trunc_ln657_119_addsub_0_0_ap_fixed_43_4_5_3_0_ap_fixed_43_4_5_3_0_bool_s_fu_659        |      II|  -6.09|        0|      0.000|         -|        1|     -|       yes|         -|         -|            -|   143 (~0%)|    -|
    |   + trunc_ln_addsub_0_0_ap_fixed_43_4_5_3_0_ap_fixed_43_4_5_3_0_ap_uint_1_s_fu_667          |      II|  -6.09|        0|      0.000|         -|        1|     -|       yes|         -|         -|            -|   143 (~0%)|    -|
    |   + trunc_ln657_s_addsub_0_0_ap_fixed_43_4_5_3_0_ap_fixed_43_4_5_3_0_ap_uint_1_s_fu_674     |      II|  -6.09|        0|      0.000|         -|        1|     -|       yes|         -|         -|            -|   143 (~0%)|    -|
    |   + trunc_ln657_3_addsub_0_0_ap_fixed_43_4_5_3_0_ap_fixed_43_4_5_3_0_ap_uint_1_s_fu_682     |      II|  -6.09|        0|      0.000|         -|        1|     -|       yes|         -|         -|            -|   143 (~0%)|    -|
    |   + trunc_ln657_6_addsub_0_0_ap_fixed_43_4_5_3_0_ap_fixed_43_4_5_3_0_ap_uint_1_s_fu_690     |      II|  -6.09|        0|      0.000|         -|        1|     -|       yes|         -|         -|            -|   143 (~0%)|    -|
    |   + trunc_ln657_11_addsub_0_0_ap_fixed_43_4_5_3_0_ap_fixed_43_4_5_3_0_ap_uint_1_s_fu_697    |      II|  -6.09|        0|      0.000|         -|        1|     -|       yes|         -|         -|            -|   143 (~0%)|    -|
    |   + trunc_ln657_14_addsub_0_0_ap_fixed_43_4_5_3_0_ap_fixed_43_4_5_3_0_ap_uint_1_s_fu_705    |      II|  -6.09|        0|      0.000|         -|        1|     -|       yes|         -|         -|            -|   143 (~0%)|    -|
    |   + trunc_ln657_17_addsub_0_0_ap_fixed_43_4_5_3_0_ap_fixed_43_4_5_3_0_ap_uint_1_s_fu_713    |      II|  -6.09|        0|      0.000|         -|        1|     -|       yes|         -|         -|            -|   143 (~0%)|    -|
    |   + trunc_ln657_20_addsub_0_0_ap_fixed_43_4_5_3_0_ap_fixed_43_4_5_3_0_ap_uint_1_s_fu_721    |      II|  -6.09|        0|      0.000|         -|        1|     -|       yes|         -|         -|            -|   143 (~0%)|    -|
    |   + trunc_ln657_23_addsub_0_0_ap_fixed_43_4_5_3_0_ap_fixed_43_4_5_3_0_ap_uint_1_s_fu_729    |      II|  -6.09|        0|      0.000|         -|        1|     -|       yes|         -|         -|            -|   143 (~0%)|    -|
    |   + trunc_ln657_26_addsub_0_0_ap_fixed_43_4_5_3_0_ap_fixed_43_4_5_3_0_ap_uint_1_s_fu_736    |      II|  -6.09|        0|      0.000|         -|        1|     -|       yes|         -|         -|            -|   143 (~0%)|    -|
    |   + trunc_ln657_29_addsub_0_0_ap_fixed_43_4_5_3_0_ap_fixed_43_4_5_3_0_ap_uint_1_s_fu_744    |      II|  -6.09|        0|      0.000|         -|        1|     -|       yes|         -|         -|            -|   143 (~0%)|    -|
    |   + trunc_ln657_32_addsub_0_0_ap_fixed_43_4_5_3_0_ap_fixed_43_4_5_3_0_ap_uint_1_s_fu_752    |      II|  -6.09|        0|      0.000|         -|        1|     -|       yes|         -|         -|            -|   143 (~0%)|    -|
    |   + trunc_ln657_35_addsub_0_0_ap_fixed_43_4_5_3_0_ap_fixed_43_4_5_3_0_ap_uint_1_s_fu_760    |      II|  -6.09|        0|      0.000|         -|        1|     -|       yes|         -|         -|            -|   143 (~0%)|    -|
    |   + trunc_ln657_38_addsub_0_0_ap_fixed_43_4_5_3_0_ap_fixed_43_4_5_3_0_ap_uint_1_s_fu_768    |      II|  -6.09|        0|      0.000|         -|        1|     -|       yes|         -|         -|            -|   143 (~0%)|    -|
    |   + trunc_ln657_41_addsub_0_0_ap_fixed_43_4_5_3_0_ap_fixed_43_4_5_3_0_ap_uint_1_s_fu_775    |      II|  -6.09|        0|      0.000|         -|        1|     -|       yes|         -|         -|            -|   143 (~0%)|    -|
    |   + trunc_ln657_44_addsub_0_0_ap_fixed_43_4_5_3_0_ap_fixed_43_4_5_3_0_ap_uint_1_s_fu_783    |      II|  -6.09|        0|      0.000|         -|        1|     -|       yes|         -|         -|            -|   143 (~0%)|    -|
    |   + trunc_ln657_47_addsub_0_0_ap_fixed_43_4_5_3_0_ap_fixed_43_4_5_3_0_ap_uint_1_s_fu_791    |      II|  -6.09|        0|      0.000|         -|        1|     -|       yes|         -|         -|            -|   143 (~0%)|    -|
    |   + trunc_ln657_50_addsub_0_0_ap_fixed_43_4_5_3_0_ap_fixed_43_4_5_3_0_ap_uint_1_s_fu_799    |      II|  -6.09|        0|      0.000|         -|        1|     -|       yes|         -|         -|            -|   143 (~0%)|    -|
    |   + trunc_ln657_53_addsub_0_0_ap_fixed_43_4_5_3_0_ap_fixed_43_4_5_3_0_ap_uint_1_s_fu_807    |      II|  -6.09|        0|      0.000|         -|        1|     -|       yes|         -|         -|            -|   143 (~0%)|    -|
    |   + trunc_ln657_56_addsub_0_0_ap_fixed_43_4_5_3_0_ap_fixed_43_4_5_3_0_ap_uint_1_s_fu_814    |      II|  -6.09|        0|      0.000|         -|        1|     -|       yes|         -|         -|            -|   143 (~0%)|    -|
    |   + trunc_ln657_59_addsub_0_0_ap_fixed_43_4_5_3_0_ap_fixed_43_4_5_3_0_ap_uint_1_s_fu_822    |      II|  -6.09|        0|      0.000|         -|        1|     -|       yes|         -|         -|            -|   143 (~0%)|    -|
    |   + trunc_ln657_62_addsub_0_0_ap_fixed_43_4_5_3_0_ap_fixed_43_4_5_3_0_ap_uint_1_s_fu_830    |      II|  -6.09|        0|      0.000|         -|        1|     -|       yes|         -|         -|            -|   143 (~0%)|    -|
    |   + trunc_ln657_65_addsub_0_0_ap_fixed_43_4_5_3_0_ap_fixed_43_4_5_3_0_ap_uint_1_s_fu_838    |      II|  -6.09|        0|      0.000|         -|        1|     -|       yes|         -|         -|            -|   143 (~0%)|    -|
    |   + trunc_ln657_68_addsub_0_0_ap_fixed_43_4_5_3_0_ap_fixed_43_4_5_3_0_ap_uint_1_s_fu_846    |      II|  -6.09|        0|      0.000|         -|        1|     -|       yes|         -|         -|            -|   143 (~0%)|    -|
    |   + trunc_ln657_71_addsub_0_0_ap_fixed_43_4_5_3_0_ap_fixed_43_4_5_3_0_ap_uint_1_s_fu_853    |      II|  -6.09|        0|      0.000|         -|        1|     -|       yes|         -|         -|            -|   143 (~0%)|    -|
    |   + trunc_ln657_74_addsub_0_0_ap_fixed_43_4_5_3_0_ap_fixed_43_4_5_3_0_ap_uint_1_s_fu_861    |      II|  -6.09|        0|      0.000|         -|        1|     -|       yes|         -|         -|            -|   143 (~0%)|    -|
    |   + trunc_ln657_77_addsub_0_0_ap_fixed_43_4_5_3_0_ap_fixed_43_4_5_3_0_ap_uint_1_s_fu_869    |      II|  -6.09|        0|      0.000|         -|        1|     -|       yes|         -|         -|            -|   143 (~0%)|    -|
    |   + trunc_ln657_80_addsub_0_0_ap_fixed_43_4_5_3_0_ap_fixed_43_4_5_3_0_ap_uint_1_s_fu_877    |      II|  -6.09|        0|      0.000|         -|        1|     -|       yes|         -|         -|            -|   143 (~0%)|    -|
    |   + trunc_ln657_83_addsub_0_0_ap_fixed_43_4_5_3_0_ap_fixed_43_4_5_3_0_ap_uint_1_s_fu_885    |      II|  -6.09|        0|      0.000|         -|        1|     -|       yes|         -|         -|            -|   143 (~0%)|    -|
    |   + trunc_ln657_86_addsub_0_0_ap_fixed_43_4_5_3_0_ap_fixed_43_4_5_3_0_ap_uint_1_s_fu_892    |      II|  -6.09|        0|      0.000|         -|        1|     -|       yes|         -|         -|            -|   143 (~0%)|    -|
    |   + trunc_ln657_89_addsub_0_0_ap_fixed_43_4_5_3_0_ap_fixed_43_4_5_3_0_ap_uint_1_s_fu_900    |      II|  -6.09|        0|      0.000|         -|        1|     -|       yes|         -|         -|            -|   143 (~0%)|    -|
    |   + trunc_ln657_92_addsub_0_0_ap_fixed_43_4_5_3_0_ap_fixed_43_4_5_3_0_ap_uint_1_s_fu_908    |      II|  -6.09|        0|      0.000|         -|        1|     -|       yes|         -|         -|            -|   143 (~0%)|    -|
    |   + trunc_ln657_95_addsub_0_0_ap_fixed_43_4_5_3_0_ap_fixed_43_4_5_3_0_ap_uint_1_s_fu_916    |      II|  -6.09|        0|      0.000|         -|        1|     -|       yes|         -|         -|            -|   143 (~0%)|    -|
    |   + trunc_ln657_98_addsub_0_0_ap_fixed_43_4_5_3_0_ap_fixed_43_4_5_3_0_ap_uint_1_s_fu_924    |      II|  -6.09|        0|      0.000|         -|        1|     -|       yes|         -|         -|            -|   143 (~0%)|    -|
    |   + trunc_ln657_101_addsub_0_0_ap_fixed_43_4_5_3_0_ap_fixed_43_4_5_3_0_ap_uint_1_s_fu_931   |      II|  -6.09|        0|      0.000|         -|        1|     -|       yes|         -|         -|            -|   143 (~0%)|    -|
    |   + trunc_ln657_104_addsub_0_0_ap_fixed_43_4_5_3_0_ap_fixed_43_4_5_3_0_ap_uint_1_s_fu_939   |      II|  -6.09|        0|      0.000|         -|        1|     -|       yes|         -|         -|            -|   143 (~0%)|    -|
    |   + trunc_ln657_107_addsub_0_0_ap_fixed_43_4_5_3_0_ap_fixed_43_4_5_3_0_ap_uint_1_s_fu_947   |      II|  -6.09|        0|      0.000|         -|        1|     -|       yes|         -|         -|            -|   143 (~0%)|    -|
    |   + trunc_ln657_110_addsub_0_0_ap_fixed_43_4_5_3_0_ap_fixed_43_4_5_3_0_ap_uint_1_s_fu_955   |      II|  -6.09|        0|      0.000|         -|        1|     -|       yes|         -|         -|            -|   143 (~0%)|    -|
    |   + trunc_ln657_113_addsub_0_0_ap_fixed_43_4_5_3_0_ap_fixed_43_4_5_3_0_ap_uint_1_s_fu_963   |      II|  -6.09|        0|      0.000|         -|        1|     -|       yes|         -|         -|            -|   143 (~0%)|    -|
    |   + trunc_ln657_116_addsub_0_0_ap_fixed_43_4_5_3_0_ap_fixed_43_4_5_3_0_ap_uint_1_s_fu_970   |      II|  -6.09|        0|      0.000|         -|        1|     -|       yes|         -|         -|            -|   143 (~0%)|    -|
    |   + trunc_ln657_9_addsub_0_0_ap_fixed_40_1_5_3_0_ap_fixed_40_1_0_3_0_ap_uint_1_s_fu_978     |      II|  -6.11|        0|      0.000|         -|        1|     -|       yes|         -|         -|            -|   134 (~0%)|    -|
    |   + trunc_ln657_2_addsub_0_0_ap_fixed_40_1_5_3_0_ap_fixed_40_1_0_3_0_ap_uint_1_s_fu_987     |      II|  -6.11|        0|      0.000|         -|        1|     -|       yes|         -|         -|            -|   134 (~0%)|    -|
    |   + trunc_ln657_5_addsub_0_0_ap_fixed_40_1_5_3_0_ap_fixed_40_1_0_3_0_ap_uint_1_s_fu_996     |      II|  -6.11|        0|      0.000|         -|        1|     -|       yes|         -|         -|            -|   134 (~0%)|    -|
    |   + trunc_ln657_10_addsub_0_0_ap_fixed_40_1_5_3_0_ap_fixed_40_1_0_3_0_ap_uint_1_s_fu_1005   |      II|  -6.11|        0|      0.000|         -|        1|     -|       yes|         -|         -|            -|   134 (~0%)|    -|
    |   + trunc_ln657_13_addsub_0_0_ap_fixed_40_1_5_3_0_ap_fixed_40_1_0_3_0_ap_uint_1_s_fu_1014   |      II|  -6.11|        0|      0.000|         -|        1|     -|       yes|         -|         -|            -|   134 (~0%)|    -|
    |   + trunc_ln657_16_addsub_0_0_ap_fixed_40_1_5_3_0_ap_fixed_40_1_0_3_0_ap_uint_1_s_fu_1023   |      II|  -6.11|        0|      0.000|         -|        1|     -|       yes|         -|         -|            -|   134 (~0%)|    -|
    |   + trunc_ln657_19_addsub_0_0_ap_fixed_40_1_5_3_0_ap_fixed_40_1_0_3_0_ap_uint_1_s_fu_1032   |      II|  -6.11|        0|      0.000|         -|        1|     -|       yes|         -|         -|            -|   134 (~0%)|    -|
    |   + trunc_ln657_22_addsub_0_0_ap_fixed_40_1_5_3_0_ap_fixed_40_1_0_3_0_ap_uint_1_s_fu_1040   |      II|  -6.11|        0|      0.000|         -|        1|     -|       yes|         -|         -|            -|   134 (~0%)|    -|
    |   + trunc_ln657_25_addsub_0_0_ap_fixed_40_1_5_3_0_ap_fixed_40_1_0_3_0_ap_uint_1_s_fu_1049   |      II|  -6.11|        0|      0.000|         -|        1|     -|       yes|         -|         -|            -|   134 (~0%)|    -|
    |   + trunc_ln657_28_addsub_0_0_ap_fixed_40_1_5_3_0_ap_fixed_40_1_0_3_0_ap_uint_1_s_fu_1058   |      II|  -6.11|        0|      0.000|         -|        1|     -|       yes|         -|         -|            -|   134 (~0%)|    -|
    |   + trunc_ln657_31_addsub_0_0_ap_fixed_40_1_5_3_0_ap_fixed_40_1_0_3_0_ap_uint_1_s_fu_1067   |      II|  -6.11|        0|      0.000|         -|        1|     -|       yes|         -|         -|            -|   134 (~0%)|    -|
    |   + trunc_ln657_34_addsub_0_0_ap_fixed_40_1_5_3_0_ap_fixed_40_1_0_3_0_ap_uint_1_s_fu_1076   |      II|  -6.11|        0|      0.000|         -|        1|     -|       yes|         -|         -|            -|   134 (~0%)|    -|
    |   + trunc_ln657_37_addsub_0_0_ap_fixed_40_1_5_3_0_ap_fixed_40_1_0_3_0_ap_uint_1_s_fu_1085   |      II|  -6.11|        0|      0.000|         -|        1|     -|       yes|         -|         -|            -|   134 (~0%)|    -|
    |   + trunc_ln657_40_addsub_0_0_ap_fixed_40_1_5_3_0_ap_fixed_40_1_0_3_0_ap_uint_1_s_fu_1093   |      II|  -6.11|        0|      0.000|         -|        1|     -|       yes|         -|         -|            -|   134 (~0%)|    -|
    |   + trunc_ln657_43_addsub_0_0_ap_fixed_40_1_5_3_0_ap_fixed_40_1_0_3_0_ap_uint_1_s_fu_1102   |      II|  -6.11|        0|      0.000|         -|        1|     -|       yes|         -|         -|            -|   134 (~0%)|    -|
    |   + trunc_ln657_46_addsub_0_0_ap_fixed_40_1_5_3_0_ap_fixed_40_1_0_3_0_ap_uint_1_s_fu_1111   |      II|  -6.11|        0|      0.000|         -|        1|     -|       yes|         -|         -|            -|   134 (~0%)|    -|
    |   + trunc_ln657_49_addsub_0_0_ap_fixed_40_1_5_3_0_ap_fixed_40_1_0_3_0_ap_uint_1_s_fu_1120   |      II|  -6.11|        0|      0.000|         -|        1|     -|       yes|         -|         -|            -|   134 (~0%)|    -|
    |   + trunc_ln657_52_addsub_0_0_ap_fixed_40_1_5_3_0_ap_fixed_40_1_0_3_0_ap_uint_1_s_fu_1129   |      II|  -6.11|        0|      0.000|         -|        1|     -|       yes|         -|         -|            -|   134 (~0%)|    -|
    |   + trunc_ln657_55_addsub_0_0_ap_fixed_40_1_5_3_0_ap_fixed_40_1_0_3_0_ap_uint_1_s_fu_1138   |      II|  -6.11|        0|      0.000|         -|        1|     -|       yes|         -|         -|            -|   134 (~0%)|    -|
    |   + trunc_ln657_58_addsub_0_0_ap_fixed_40_1_5_3_0_ap_fixed_40_1_0_3_0_ap_uint_1_s_fu_1146   |      II|  -6.11|        0|      0.000|         -|        1|     -|       yes|         -|         -|            -|   134 (~0%)|    -|
    |   + trunc_ln657_61_addsub_0_0_ap_fixed_40_1_5_3_0_ap_fixed_40_1_0_3_0_ap_uint_1_s_fu_1155   |      II|  -6.11|        0|      0.000|         -|        1|     -|       yes|         -|         -|            -|   134 (~0%)|    -|
    |   + trunc_ln657_64_addsub_0_0_ap_fixed_40_1_5_3_0_ap_fixed_40_1_0_3_0_ap_uint_1_s_fu_1164   |      II|  -6.11|        0|      0.000|         -|        1|     -|       yes|         -|         -|            -|   134 (~0%)|    -|
    |   + trunc_ln657_67_addsub_0_0_ap_fixed_40_1_5_3_0_ap_fixed_40_1_0_3_0_ap_uint_1_s_fu_1173   |      II|  -6.11|        0|      0.000|         -|        1|     -|       yes|         -|         -|            -|   134 (~0%)|    -|
    |   + trunc_ln657_70_addsub_0_0_ap_fixed_40_1_5_3_0_ap_fixed_40_1_0_3_0_ap_uint_1_s_fu_1182   |      II|  -6.11|        0|      0.000|         -|        1|     -|       yes|         -|         -|            -|   134 (~0%)|    -|
    |   + trunc_ln657_73_addsub_0_0_ap_fixed_40_1_5_3_0_ap_fixed_40_1_0_3_0_ap_uint_1_s_fu_1190   |      II|  -6.11|        0|      0.000|         -|        1|     -|       yes|         -|         -|            -|   134 (~0%)|    -|
    |   + trunc_ln657_76_addsub_0_0_ap_fixed_40_1_5_3_0_ap_fixed_40_1_0_3_0_ap_uint_1_s_fu_1199   |      II|  -6.11|        0|      0.000|         -|        1|     -|       yes|         -|         -|            -|   134 (~0%)|    -|
    |   + trunc_ln657_79_addsub_0_0_ap_fixed_40_1_5_3_0_ap_fixed_40_1_0_3_0_ap_uint_1_s_fu_1208   |      II|  -6.11|        0|      0.000|         -|        1|     -|       yes|         -|         -|            -|   134 (~0%)|    -|
    |   + trunc_ln657_82_addsub_0_0_ap_fixed_40_1_5_3_0_ap_fixed_40_1_0_3_0_ap_uint_1_s_fu_1217   |      II|  -6.11|        0|      0.000|         -|        1|     -|       yes|         -|         -|            -|   134 (~0%)|    -|
    |   + trunc_ln657_85_addsub_0_0_ap_fixed_40_1_5_3_0_ap_fixed_40_1_0_3_0_ap_uint_1_s_fu_1226   |      II|  -6.11|        0|      0.000|         -|        1|     -|       yes|         -|         -|            -|   134 (~0%)|    -|
    |   + trunc_ln657_88_addsub_0_0_ap_fixed_40_1_5_3_0_ap_fixed_40_1_0_3_0_ap_uint_1_s_fu_1234   |      II|  -6.11|        0|      0.000|         -|        1|     -|       yes|         -|         -|            -|   134 (~0%)|    -|
    |   + trunc_ln657_91_addsub_0_0_ap_fixed_40_1_5_3_0_ap_fixed_40_1_0_3_0_ap_uint_1_s_fu_1243   |      II|  -6.11|        0|      0.000|         -|        1|     -|       yes|         -|         -|            -|   134 (~0%)|    -|
    |   + trunc_ln657_94_addsub_0_0_ap_fixed_40_1_5_3_0_ap_fixed_40_1_0_3_0_ap_uint_1_s_fu_1252   |      II|  -6.11|        0|      0.000|         -|        1|     -|       yes|         -|         -|            -|   134 (~0%)|    -|
    |   + trunc_ln657_97_addsub_0_0_ap_fixed_40_1_5_3_0_ap_fixed_40_1_0_3_0_ap_uint_1_s_fu_1261   |      II|  -6.11|        0|      0.000|         -|        1|     -|       yes|         -|         -|            -|   134 (~0%)|    -|
    |   + trunc_ln657_100_addsub_0_0_ap_fixed_40_1_5_3_0_ap_fixed_40_1_0_3_0_ap_uint_1_s_fu_1270  |      II|  -6.11|        0|      0.000|         -|        1|     -|       yes|         -|         -|            -|   134 (~0%)|    -|
    |   + trunc_ln657_103_addsub_0_0_ap_fixed_40_1_5_3_0_ap_fixed_40_1_0_3_0_ap_uint_1_s_fu_1278  |      II|  -6.11|        0|      0.000|         -|        1|     -|       yes|         -|         -|            -|   134 (~0%)|    -|
    |   + trunc_ln657_106_addsub_0_0_ap_fixed_40_1_5_3_0_ap_fixed_40_1_0_3_0_ap_uint_1_s_fu_1287  |      II|  -6.11|        0|      0.000|         -|        1|     -|       yes|         -|         -|            -|   134 (~0%)|    -|
    |   + trunc_ln657_109_addsub_0_0_ap_fixed_40_1_5_3_0_ap_fixed_40_1_0_3_0_ap_uint_1_s_fu_1296  |      II|  -6.11|        0|      0.000|         -|        1|     -|       yes|         -|         -|            -|   134 (~0%)|    -|
    |   + trunc_ln657_112_addsub_0_0_ap_fixed_40_1_5_3_0_ap_fixed_40_1_0_3_0_ap_uint_1_s_fu_1305  |      II|  -6.11|        0|      0.000|         -|        1|     -|       yes|         -|         -|            -|   134 (~0%)|    -|
    |   + trunc_ln657_115_addsub_0_0_ap_fixed_40_1_5_3_0_ap_fixed_40_1_0_3_0_ap_uint_1_s_fu_1314  |      II|  -6.11|        0|      0.000|         -|        1|     -|       yes|         -|         -|            -|   134 (~0%)|    -|
    |   + trunc_ln657_118_addsub_0_0_ap_fixed_40_1_5_3_0_ap_fixed_40_1_0_3_0_ap_uint_1_s_fu_1322  |      II|  -6.11|        0|      0.000|         -|        1|     -|       yes|         -|         -|            -|   134 (~0%)|    -|
    |   + trunc_ln657_120_addsub_0_0_ap_fixed_40_1_5_3_0_ap_fixed_40_1_0_3_0_ap_uint_1_s_fu_1331  |      II|  -6.11|        0|      0.000|         -|        1|     -|       yes|         -|         -|            -|   134 (~0%)|    -|
    |   + trunc_ln657_121_addsub_0_0_ap_fixed_40_1_5_3_0_ap_fixed_40_1_0_3_0_ap_uint_1_s_fu_1340  |      II|  -6.11|        0|      0.000|         -|        1|     -|       yes|         -|         -|            -|   134 (~0%)|    -|
    | + grp_atan2_cordic_float_s_fu_748                                                           |      II|  -0.14|       17|    170.000|         -|        1|     -|       yes|         -|   4 (~0%)|   4347 (~0%)|  20253 (1%)|    -|
    |  + grp_atan2_generic_float_s_fu_169                                                         |      II|  -0.14|        9|     90.000|         -|        1|     -|       yes|         -|         -|   1897 (~0%)|  18887 (1%)|    -|
    |   + trunc_ln657_8_addsub_0_0_ap_fixed_43_4_5_3_0_ap_fixed_43_4_5_3_0_bool_s_fu_348          |      II|  -6.09|        0|      0.000|         -|        1|     -|       yes|         -|         -|            -|   143 (~0%)|    -|
    |   + trunc_ln657_1_addsub_0_0_ap_fixed_43_4_5_3_0_ap_fixed_43_4_5_3_0_bool_s_fu_355          |      II|  -6.09|        0|      0.000|         -|        1|     -|       yes|         -|         -|            -|   143 (~0%)|    -|
    |   + trunc_ln657_4_addsub_0_0_ap_fixed_43_4_5_3_0_ap_fixed_43_4_5_3_0_bool_s_fu_363          |      II|  -6.09|        0|      0.000|         -|        1|     -|       yes|         -|         -|            -|   143 (~0%)|    -|
    |   + trunc_ln657_7_addsub_0_0_ap_fixed_43_4_5_3_0_ap_fixed_43_4_5_3_0_bool_s_fu_371          |      II|  -6.09|        0|      0.000|         -|        1|     -|       yes|         -|         -|            -|   143 (~0%)|    -|
    |   + trunc_ln657_12_addsub_0_0_ap_fixed_43_4_5_3_0_ap_fixed_43_4_5_3_0_bool_s_fu_378         |      II|  -6.09|        0|      0.000|         -|        1|     -|       yes|         -|         -|            -|   143 (~0%)|    -|
    |   + trunc_ln657_15_addsub_0_0_ap_fixed_43_4_5_3_0_ap_fixed_43_4_5_3_0_bool_s_fu_386         |      II|  -6.09|        0|      0.000|         -|        1|     -|       yes|         -|         -|            -|   143 (~0%)|    -|
    |   + trunc_ln657_18_addsub_0_0_ap_fixed_43_4_5_3_0_ap_fixed_43_4_5_3_0_bool_s_fu_394         |      II|  -6.09|        0|      0.000|         -|        1|     -|       yes|         -|         -|            -|   143 (~0%)|    -|
    |   + trunc_ln657_21_addsub_0_0_ap_fixed_43_4_5_3_0_ap_fixed_43_4_5_3_0_bool_s_fu_402         |      II|  -6.09|        0|      0.000|         -|        1|     -|       yes|         -|         -|            -|   143 (~0%)|    -|
    |   + trunc_ln657_24_addsub_0_0_ap_fixed_43_4_5_3_0_ap_fixed_43_4_5_3_0_bool_s_fu_410         |      II|  -6.09|        0|      0.000|         -|        1|     -|       yes|         -|         -|            -|   143 (~0%)|    -|
    |   + trunc_ln657_27_addsub_0_0_ap_fixed_43_4_5_3_0_ap_fixed_43_4_5_3_0_bool_s_fu_417         |      II|  -6.09|        0|      0.000|         -|        1|     -|       yes|         -|         -|            -|   143 (~0%)|    -|
    |   + trunc_ln657_30_addsub_0_0_ap_fixed_43_4_5_3_0_ap_fixed_43_4_5_3_0_bool_s_fu_425         |      II|  -6.09|        0|      0.000|         -|        1|     -|       yes|         -|         -|            -|   143 (~0%)|    -|
    |   + trunc_ln657_33_addsub_0_0_ap_fixed_43_4_5_3_0_ap_fixed_43_4_5_3_0_bool_s_fu_433         |      II|  -6.09|        0|      0.000|         -|        1|     -|       yes|         -|         -|            -|   143 (~0%)|    -|
    |   + trunc_ln657_36_addsub_0_0_ap_fixed_43_4_5_3_0_ap_fixed_43_4_5_3_0_bool_s_fu_441         |      II|  -6.09|        0|      0.000|         -|        1|     -|       yes|         -|         -|            -|   143 (~0%)|    -|
    |   + trunc_ln657_39_addsub_0_0_ap_fixed_43_4_5_3_0_ap_fixed_43_4_5_3_0_bool_s_fu_449         |      II|  -6.09|        0|      0.000|         -|        1|     -|       yes|         -|         -|            -|   143 (~0%)|    -|
    |   + trunc_ln657_42_addsub_0_0_ap_fixed_43_4_5_3_0_ap_fixed_43_4_5_3_0_bool_s_fu_456         |      II|  -6.09|        0|      0.000|         -|        1|     -|       yes|         -|         -|            -|   143 (~0%)|    -|
    |   + trunc_ln657_45_addsub_0_0_ap_fixed_43_4_5_3_0_ap_fixed_43_4_5_3_0_bool_s_fu_464         |      II|  -6.09|        0|      0.000|         -|        1|     -|       yes|         -|         -|            -|   143 (~0%)|    -|
    |   + trunc_ln657_48_addsub_0_0_ap_fixed_43_4_5_3_0_ap_fixed_43_4_5_3_0_bool_s_fu_472         |      II|  -6.09|        0|      0.000|         -|        1|     -|       yes|         -|         -|            -|   143 (~0%)|    -|
    |   + trunc_ln657_51_addsub_0_0_ap_fixed_43_4_5_3_0_ap_fixed_43_4_5_3_0_bool_s_fu_480         |      II|  -6.09|        0|      0.000|         -|        1|     -|       yes|         -|         -|            -|   143 (~0%)|    -|
    |   + trunc_ln657_54_addsub_0_0_ap_fixed_43_4_5_3_0_ap_fixed_43_4_5_3_0_bool_s_fu_488         |      II|  -6.09|        0|      0.000|         -|        1|     -|       yes|         -|         -|            -|   143 (~0%)|    -|
    |   + trunc_ln657_57_addsub_0_0_ap_fixed_43_4_5_3_0_ap_fixed_43_4_5_3_0_bool_s_fu_495         |      II|  -6.09|        0|      0.000|         -|        1|     -|       yes|         -|         -|            -|   143 (~0%)|    -|
    |   + trunc_ln657_60_addsub_0_0_ap_fixed_43_4_5_3_0_ap_fixed_43_4_5_3_0_bool_s_fu_503         |      II|  -6.09|        0|      0.000|         -|        1|     -|       yes|         -|         -|            -|   143 (~0%)|    -|
    |   + trunc_ln657_63_addsub_0_0_ap_fixed_43_4_5_3_0_ap_fixed_43_4_5_3_0_bool_s_fu_511         |      II|  -6.09|        0|      0.000|         -|        1|     -|       yes|         -|         -|            -|   143 (~0%)|    -|
    |   + trunc_ln657_66_addsub_0_0_ap_fixed_43_4_5_3_0_ap_fixed_43_4_5_3_0_bool_s_fu_519         |      II|  -6.09|        0|      0.000|         -|        1|     -|       yes|         -|         -|            -|   143 (~0%)|    -|
    |   + trunc_ln657_69_addsub_0_0_ap_fixed_43_4_5_3_0_ap_fixed_43_4_5_3_0_bool_s_fu_527         |      II|  -6.09|        0|      0.000|         -|        1|     -|       yes|         -|         -|            -|   143 (~0%)|    -|
    |   + trunc_ln657_72_addsub_0_0_ap_fixed_43_4_5_3_0_ap_fixed_43_4_5_3_0_bool_s_fu_534         |      II|  -6.09|        0|      0.000|         -|        1|     -|       yes|         -|         -|            -|   143 (~0%)|    -|
    |   + trunc_ln657_75_addsub_0_0_ap_fixed_43_4_5_3_0_ap_fixed_43_4_5_3_0_bool_s_fu_542         |      II|  -6.09|        0|      0.000|         -|        1|     -|       yes|         -|         -|            -|   143 (~0%)|    -|
    |   + trunc_ln657_78_addsub_0_0_ap_fixed_43_4_5_3_0_ap_fixed_43_4_5_3_0_bool_s_fu_550         |      II|  -6.09|        0|      0.000|         -|        1|     -|       yes|         -|         -|            -|   143 (~0%)|    -|
    |   + trunc_ln657_81_addsub_0_0_ap_fixed_43_4_5_3_0_ap_fixed_43_4_5_3_0_bool_s_fu_558         |      II|  -6.09|        0|      0.000|         -|        1|     -|       yes|         -|         -|            -|   143 (~0%)|    -|
    |   + trunc_ln657_84_addsub_0_0_ap_fixed_43_4_5_3_0_ap_fixed_43_4_5_3_0_bool_s_fu_566         |      II|  -6.09|        0|      0.000|         -|        1|     -|       yes|         -|         -|            -|   143 (~0%)|    -|
    |   + trunc_ln657_87_addsub_0_0_ap_fixed_43_4_5_3_0_ap_fixed_43_4_5_3_0_bool_s_fu_573         |      II|  -6.09|        0|      0.000|         -|        1|     -|       yes|         -|         -|            -|   143 (~0%)|    -|
    |   + trunc_ln657_90_addsub_0_0_ap_fixed_43_4_5_3_0_ap_fixed_43_4_5_3_0_bool_s_fu_581         |      II|  -6.09|        0|      0.000|         -|        1|     -|       yes|         -|         -|            -|   143 (~0%)|    -|
    |   + trunc_ln657_93_addsub_0_0_ap_fixed_43_4_5_3_0_ap_fixed_43_4_5_3_0_bool_s_fu_589         |      II|  -6.09|        0|      0.000|         -|        1|     -|       yes|         -|         -|            -|   143 (~0%)|    -|
    |   + trunc_ln657_96_addsub_0_0_ap_fixed_43_4_5_3_0_ap_fixed_43_4_5_3_0_bool_s_fu_597         |      II|  -6.09|        0|      0.000|         -|        1|     -|       yes|         -|         -|            -|   143 (~0%)|    -|
    |   + trunc_ln657_99_addsub_0_0_ap_fixed_43_4_5_3_0_ap_fixed_43_4_5_3_0_bool_s_fu_605         |      II|  -6.09|        0|      0.000|         -|        1|     -|       yes|         -|         -|            -|   143 (~0%)|    -|
    |   + trunc_ln657_102_addsub_0_0_ap_fixed_43_4_5_3_0_ap_fixed_43_4_5_3_0_bool_s_fu_612        |      II|  -6.09|        0|      0.000|         -|        1|     -|       yes|         -|         -|            -|   143 (~0%)|    -|
    |   + trunc_ln657_105_addsub_0_0_ap_fixed_43_4_5_3_0_ap_fixed_43_4_5_3_0_bool_s_fu_620        |      II|  -6.09|        0|      0.000|         -|        1|     -|       yes|         -|         -|            -|   143 (~0%)|    -|
    |   + trunc_ln657_108_addsub_0_0_ap_fixed_43_4_5_3_0_ap_fixed_43_4_5_3_0_bool_s_fu_628        |      II|  -6.09|        0|      0.000|         -|        1|     -|       yes|         -|         -|            -|   143 (~0%)|    -|
    |   + trunc_ln657_111_addsub_0_0_ap_fixed_43_4_5_3_0_ap_fixed_43_4_5_3_0_bool_s_fu_636        |      II|  -6.09|        0|      0.000|         -|        1|     -|       yes|         -|         -|            -|   143 (~0%)|    -|
    |   + trunc_ln657_114_addsub_0_0_ap_fixed_43_4_5_3_0_ap_fixed_43_4_5_3_0_bool_s_fu_644        |      II|  -6.09|        0|      0.000|         -|        1|     -|       yes|         -|         -|            -|   143 (~0%)|    -|
    |   + trunc_ln657_117_addsub_0_0_ap_fixed_43_4_5_3_0_ap_fixed_43_4_5_3_0_bool_s_fu_651        |      II|  -6.09|        0|      0.000|         -|        1|     -|       yes|         -|         -|            -|   143 (~0%)|    -|
    |   + trunc_ln657_119_addsub_0_0_ap_fixed_43_4_5_3_0_ap_fixed_43_4_5_3_0_bool_s_fu_659        |      II|  -6.09|        0|      0.000|         -|        1|     -|       yes|         -|         -|            -|   143 (~0%)|    -|
    |   + trunc_ln_addsub_0_0_ap_fixed_43_4_5_3_0_ap_fixed_43_4_5_3_0_ap_uint_1_s_fu_667          |      II|  -6.09|        0|      0.000|         -|        1|     -|       yes|         -|         -|            -|   143 (~0%)|    -|
    |   + trunc_ln657_s_addsub_0_0_ap_fixed_43_4_5_3_0_ap_fixed_43_4_5_3_0_ap_uint_1_s_fu_674     |      II|  -6.09|        0|      0.000|         -|        1|     -|       yes|         -|         -|            -|   143 (~0%)|    -|
    |   + trunc_ln657_3_addsub_0_0_ap_fixed_43_4_5_3_0_ap_fixed_43_4_5_3_0_ap_uint_1_s_fu_682     |      II|  -6.09|        0|      0.000|         -|        1|     -|       yes|         -|         -|            -|   143 (~0%)|    -|
    |   + trunc_ln657_6_addsub_0_0_ap_fixed_43_4_5_3_0_ap_fixed_43_4_5_3_0_ap_uint_1_s_fu_690     |      II|  -6.09|        0|      0.000|         -|        1|     -|       yes|         -|         -|            -|   143 (~0%)|    -|
    |   + trunc_ln657_11_addsub_0_0_ap_fixed_43_4_5_3_0_ap_fixed_43_4_5_3_0_ap_uint_1_s_fu_697    |      II|  -6.09|        0|      0.000|         -|        1|     -|       yes|         -|         -|            -|   143 (~0%)|    -|
    |   + trunc_ln657_14_addsub_0_0_ap_fixed_43_4_5_3_0_ap_fixed_43_4_5_3_0_ap_uint_1_s_fu_705    |      II|  -6.09|        0|      0.000|         -|        1|     -|       yes|         -|         -|            -|   143 (~0%)|    -|
    |   + trunc_ln657_17_addsub_0_0_ap_fixed_43_4_5_3_0_ap_fixed_43_4_5_3_0_ap_uint_1_s_fu_713    |      II|  -6.09|        0|      0.000|         -|        1|     -|       yes|         -|         -|            -|   143 (~0%)|    -|
    |   + trunc_ln657_20_addsub_0_0_ap_fixed_43_4_5_3_0_ap_fixed_43_4_5_3_0_ap_uint_1_s_fu_721    |      II|  -6.09|        0|      0.000|         -|        1|     -|       yes|         -|         -|            -|   143 (~0%)|    -|
    |   + trunc_ln657_23_addsub_0_0_ap_fixed_43_4_5_3_0_ap_fixed_43_4_5_3_0_ap_uint_1_s_fu_729    |      II|  -6.09|        0|      0.000|         -|        1|     -|       yes|         -|         -|            -|   143 (~0%)|    -|
    |   + trunc_ln657_26_addsub_0_0_ap_fixed_43_4_5_3_0_ap_fixed_43_4_5_3_0_ap_uint_1_s_fu_736    |      II|  -6.09|        0|      0.000|         -|        1|     -|       yes|         -|         -|            -|   143 (~0%)|    -|
    |   + trunc_ln657_29_addsub_0_0_ap_fixed_43_4_5_3_0_ap_fixed_43_4_5_3_0_ap_uint_1_s_fu_744    |      II|  -6.09|        0|      0.000|         -|        1|     -|       yes|         -|         -|            -|   143 (~0%)|    -|
    |   + trunc_ln657_32_addsub_0_0_ap_fixed_43_4_5_3_0_ap_fixed_43_4_5_3_0_ap_uint_1_s_fu_752    |      II|  -6.09|        0|      0.000|         -|        1|     -|       yes|         -|         -|            -|   143 (~0%)|    -|
    |   + trunc_ln657_35_addsub_0_0_ap_fixed_43_4_5_3_0_ap_fixed_43_4_5_3_0_ap_uint_1_s_fu_760    |      II|  -6.09|        0|      0.000|         -|        1|     -|       yes|         -|         -|            -|   143 (~0%)|    -|
    |   + trunc_ln657_38_addsub_0_0_ap_fixed_43_4_5_3_0_ap_fixed_43_4_5_3_0_ap_uint_1_s_fu_768    |      II|  -6.09|        0|      0.000|         -|        1|     -|       yes|         -|         -|            -|   143 (~0%)|    -|
    |   + trunc_ln657_41_addsub_0_0_ap_fixed_43_4_5_3_0_ap_fixed_43_4_5_3_0_ap_uint_1_s_fu_775    |      II|  -6.09|        0|      0.000|         -|        1|     -|       yes|         -|         -|            -|   143 (~0%)|    -|
    |   + trunc_ln657_44_addsub_0_0_ap_fixed_43_4_5_3_0_ap_fixed_43_4_5_3_0_ap_uint_1_s_fu_783    |      II|  -6.09|        0|      0.000|         -|        1|     -|       yes|         -|         -|            -|   143 (~0%)|    -|
    |   + trunc_ln657_47_addsub_0_0_ap_fixed_43_4_5_3_0_ap_fixed_43_4_5_3_0_ap_uint_1_s_fu_791    |      II|  -6.09|        0|      0.000|         -|        1|     -|       yes|         -|         -|            -|   143 (~0%)|    -|
    |   + trunc_ln657_50_addsub_0_0_ap_fixed_43_4_5_3_0_ap_fixed_43_4_5_3_0_ap_uint_1_s_fu_799    |      II|  -6.09|        0|      0.000|         -|        1|     -|       yes|         -|         -|            -|   143 (~0%)|    -|
    |   + trunc_ln657_53_addsub_0_0_ap_fixed_43_4_5_3_0_ap_fixed_43_4_5_3_0_ap_uint_1_s_fu_807    |      II|  -6.09|        0|      0.000|         -|        1|     -|       yes|         -|         -|            -|   143 (~0%)|    -|
    |   + trunc_ln657_56_addsub_0_0_ap_fixed_43_4_5_3_0_ap_fixed_43_4_5_3_0_ap_uint_1_s_fu_814    |      II|  -6.09|        0|      0.000|         -|        1|     -|       yes|         -|         -|            -|   143 (~0%)|    -|
    |   + trunc_ln657_59_addsub_0_0_ap_fixed_43_4_5_3_0_ap_fixed_43_4_5_3_0_ap_uint_1_s_fu_822    |      II|  -6.09|        0|      0.000|         -|        1|     -|       yes|         -|         -|            -|   143 (~0%)|    -|
    |   + trunc_ln657_62_addsub_0_0_ap_fixed_43_4_5_3_0_ap_fixed_43_4_5_3_0_ap_uint_1_s_fu_830    |      II|  -6.09|        0|      0.000|         -|        1|     -|       yes|         -|         -|            -|   143 (~0%)|    -|
    |   + trunc_ln657_65_addsub_0_0_ap_fixed_43_4_5_3_0_ap_fixed_43_4_5_3_0_ap_uint_1_s_fu_838    |      II|  -6.09|        0|      0.000|         -|        1|     -|       yes|         -|         -|            -|   143 (~0%)|    -|
    |   + trunc_ln657_68_addsub_0_0_ap_fixed_43_4_5_3_0_ap_fixed_43_4_5_3_0_ap_uint_1_s_fu_846    |      II|  -6.09|        0|      0.000|         -|        1|     -|       yes|         -|         -|            -|   143 (~0%)|    -|
    |   + trunc_ln657_71_addsub_0_0_ap_fixed_43_4_5_3_0_ap_fixed_43_4_5_3_0_ap_uint_1_s_fu_853    |      II|  -6.09|        0|      0.000|         -|        1|     -|       yes|         -|         -|            -|   143 (~0%)|    -|
    |   + trunc_ln657_74_addsub_0_0_ap_fixed_43_4_5_3_0_ap_fixed_43_4_5_3_0_ap_uint_1_s_fu_861    |      II|  -6.09|        0|      0.000|         -|        1|     -|       yes|         -|         -|            -|   143 (~0%)|    -|
    |   + trunc_ln657_77_addsub_0_0_ap_fixed_43_4_5_3_0_ap_fixed_43_4_5_3_0_ap_uint_1_s_fu_869    |      II|  -6.09|        0|      0.000|         -|        1|     -|       yes|         -|         -|            -|   143 (~0%)|    -|
    |   + trunc_ln657_80_addsub_0_0_ap_fixed_43_4_5_3_0_ap_fixed_43_4_5_3_0_ap_uint_1_s_fu_877    |      II|  -6.09|        0|      0.000|         -|        1|     -|       yes|         -|         -|            -|   143 (~0%)|    -|
    |   + trunc_ln657_83_addsub_0_0_ap_fixed_43_4_5_3_0_ap_fixed_43_4_5_3_0_ap_uint_1_s_fu_885    |      II|  -6.09|        0|      0.000|         -|        1|     -|       yes|         -|         -|            -|   143 (~0%)|    -|
    |   + trunc_ln657_86_addsub_0_0_ap_fixed_43_4_5_3_0_ap_fixed_43_4_5_3_0_ap_uint_1_s_fu_892    |      II|  -6.09|        0|      0.000|         -|        1|     -|       yes|         -|         -|            -|   143 (~0%)|    -|
    |   + trunc_ln657_89_addsub_0_0_ap_fixed_43_4_5_3_0_ap_fixed_43_4_5_3_0_ap_uint_1_s_fu_900    |      II|  -6.09|        0|      0.000|         -|        1|     -|       yes|         -|         -|            -|   143 (~0%)|    -|
    |   + trunc_ln657_92_addsub_0_0_ap_fixed_43_4_5_3_0_ap_fixed_43_4_5_3_0_ap_uint_1_s_fu_908    |      II|  -6.09|        0|      0.000|         -|        1|     -|       yes|         -|         -|            -|   143 (~0%)|    -|
    |   + trunc_ln657_95_addsub_0_0_ap_fixed_43_4_5_3_0_ap_fixed_43_4_5_3_0_ap_uint_1_s_fu_916    |      II|  -6.09|        0|      0.000|         -|        1|     -|       yes|         -|         -|            -|   143 (~0%)|    -|
    |   + trunc_ln657_98_addsub_0_0_ap_fixed_43_4_5_3_0_ap_fixed_43_4_5_3_0_ap_uint_1_s_fu_924    |      II|  -6.09|        0|      0.000|         -|        1|     -|       yes|         -|         -|            -|   143 (~0%)|    -|
    |   + trunc_ln657_101_addsub_0_0_ap_fixed_43_4_5_3_0_ap_fixed_43_4_5_3_0_ap_uint_1_s_fu_931   |      II|  -6.09|        0|      0.000|         -|        1|     -|       yes|         -|         -|            -|   143 (~0%)|    -|
    |   + trunc_ln657_104_addsub_0_0_ap_fixed_43_4_5_3_0_ap_fixed_43_4_5_3_0_ap_uint_1_s_fu_939   |      II|  -6.09|        0|      0.000|         -|        1|     -|       yes|         -|         -|            -|   143 (~0%)|    -|
    |   + trunc_ln657_107_addsub_0_0_ap_fixed_43_4_5_3_0_ap_fixed_43_4_5_3_0_ap_uint_1_s_fu_947   |      II|  -6.09|        0|      0.000|         -|        1|     -|       yes|         -|         -|            -|   143 (~0%)|    -|
    |   + trunc_ln657_110_addsub_0_0_ap_fixed_43_4_5_3_0_ap_fixed_43_4_5_3_0_ap_uint_1_s_fu_955   |      II|  -6.09|        0|      0.000|         -|        1|     -|       yes|         -|         -|            -|   143 (~0%)|    -|
    |   + trunc_ln657_113_addsub_0_0_ap_fixed_43_4_5_3_0_ap_fixed_43_4_5_3_0_ap_uint_1_s_fu_963   |      II|  -6.09|        0|      0.000|         -|        1|     -|       yes|         -|         -|            -|   143 (~0%)|    -|
    |   + trunc_ln657_116_addsub_0_0_ap_fixed_43_4_5_3_0_ap_fixed_43_4_5_3_0_ap_uint_1_s_fu_970   |      II|  -6.09|        0|      0.000|         -|        1|     -|       yes|         -|         -|            -|   143 (~0%)|    -|
    |   + trunc_ln657_9_addsub_0_0_ap_fixed_40_1_5_3_0_ap_fixed_40_1_0_3_0_ap_uint_1_s_fu_978     |      II|  -6.11|        0|      0.000|         -|        1|     -|       yes|         -|         -|            -|   134 (~0%)|    -|
    |   + trunc_ln657_2_addsub_0_0_ap_fixed_40_1_5_3_0_ap_fixed_40_1_0_3_0_ap_uint_1_s_fu_987     |      II|  -6.11|        0|      0.000|         -|        1|     -|       yes|         -|         -|            -|   134 (~0%)|    -|
    |   + trunc_ln657_5_addsub_0_0_ap_fixed_40_1_5_3_0_ap_fixed_40_1_0_3_0_ap_uint_1_s_fu_996     |      II|  -6.11|        0|      0.000|         -|        1|     -|       yes|         -|         -|            -|   134 (~0%)|    -|
    |   + trunc_ln657_10_addsub_0_0_ap_fixed_40_1_5_3_0_ap_fixed_40_1_0_3_0_ap_uint_1_s_fu_1005   |      II|  -6.11|        0|      0.000|         -|        1|     -|       yes|         -|         -|            -|   134 (~0%)|    -|
    |   + trunc_ln657_13_addsub_0_0_ap_fixed_40_1_5_3_0_ap_fixed_40_1_0_3_0_ap_uint_1_s_fu_1014   |      II|  -6.11|        0|      0.000|         -|        1|     -|       yes|         -|         -|            -|   134 (~0%)|    -|
    |   + trunc_ln657_16_addsub_0_0_ap_fixed_40_1_5_3_0_ap_fixed_40_1_0_3_0_ap_uint_1_s_fu_1023   |      II|  -6.11|        0|      0.000|         -|        1|     -|       yes|         -|         -|            -|   134 (~0%)|    -|
    |   + trunc_ln657_19_addsub_0_0_ap_fixed_40_1_5_3_0_ap_fixed_40_1_0_3_0_ap_uint_1_s_fu_1032   |      II|  -6.11|        0|      0.000|         -|        1|     -|       yes|         -|         -|            -|   134 (~0%)|    -|
    |   + trunc_ln657_22_addsub_0_0_ap_fixed_40_1_5_3_0_ap_fixed_40_1_0_3_0_ap_uint_1_s_fu_1040   |      II|  -6.11|        0|      0.000|         -|        1|     -|       yes|         -|         -|            -|   134 (~0%)|    -|
    |   + trunc_ln657_25_addsub_0_0_ap_fixed_40_1_5_3_0_ap_fixed_40_1_0_3_0_ap_uint_1_s_fu_1049   |      II|  -6.11|        0|      0.000|         -|        1|     -|       yes|         -|         -|            -|   134 (~0%)|    -|
    |   + trunc_ln657_28_addsub_0_0_ap_fixed_40_1_5_3_0_ap_fixed_40_1_0_3_0_ap_uint_1_s_fu_1058   |      II|  -6.11|        0|      0.000|         -|        1|     -|       yes|         -|         -|            -|   134 (~0%)|    -|
    |   + trunc_ln657_31_addsub_0_0_ap_fixed_40_1_5_3_0_ap_fixed_40_1_0_3_0_ap_uint_1_s_fu_1067   |      II|  -6.11|        0|      0.000|         -|        1|     -|       yes|         -|         -|            -|   134 (~0%)|    -|
    |   + trunc_ln657_34_addsub_0_0_ap_fixed_40_1_5_3_0_ap_fixed_40_1_0_3_0_ap_uint_1_s_fu_1076   |      II|  -6.11|        0|      0.000|         -|        1|     -|       yes|         -|         -|            -|   134 (~0%)|    -|
    |   + trunc_ln657_37_addsub_0_0_ap_fixed_40_1_5_3_0_ap_fixed_40_1_0_3_0_ap_uint_1_s_fu_1085   |      II|  -6.11|        0|      0.000|         -|        1|     -|       yes|         -|         -|            -|   134 (~0%)|    -|
    |   + trunc_ln657_40_addsub_0_0_ap_fixed_40_1_5_3_0_ap_fixed_40_1_0_3_0_ap_uint_1_s_fu_1093   |      II|  -6.11|        0|      0.000|         -|        1|     -|       yes|         -|         -|            -|   134 (~0%)|    -|
    |   + trunc_ln657_43_addsub_0_0_ap_fixed_40_1_5_3_0_ap_fixed_40_1_0_3_0_ap_uint_1_s_fu_1102   |      II|  -6.11|        0|      0.000|         -|        1|     -|       yes|         -|         -|            -|   134 (~0%)|    -|
    |   + trunc_ln657_46_addsub_0_0_ap_fixed_40_1_5_3_0_ap_fixed_40_1_0_3_0_ap_uint_1_s_fu_1111   |      II|  -6.11|        0|      0.000|         -|        1|     -|       yes|         -|         -|            -|   134 (~0%)|    -|
    |   + trunc_ln657_49_addsub_0_0_ap_fixed_40_1_5_3_0_ap_fixed_40_1_0_3_0_ap_uint_1_s_fu_1120   |      II|  -6.11|        0|      0.000|         -|        1|     -|       yes|         -|         -|            -|   134 (~0%)|    -|
    |   + trunc_ln657_52_addsub_0_0_ap_fixed_40_1_5_3_0_ap_fixed_40_1_0_3_0_ap_uint_1_s_fu_1129   |      II|  -6.11|        0|      0.000|         -|        1|     -|       yes|         -|         -|            -|   134 (~0%)|    -|
    |   + trunc_ln657_55_addsub_0_0_ap_fixed_40_1_5_3_0_ap_fixed_40_1_0_3_0_ap_uint_1_s_fu_1138   |      II|  -6.11|        0|      0.000|         -|        1|     -|       yes|         -|         -|            -|   134 (~0%)|    -|
    |   + trunc_ln657_58_addsub_0_0_ap_fixed_40_1_5_3_0_ap_fixed_40_1_0_3_0_ap_uint_1_s_fu_1146   |      II|  -6.11|        0|      0.000|         -|        1|     -|       yes|         -|         -|            -|   134 (~0%)|    -|
    |   + trunc_ln657_61_addsub_0_0_ap_fixed_40_1_5_3_0_ap_fixed_40_1_0_3_0_ap_uint_1_s_fu_1155   |      II|  -6.11|        0|      0.000|         -|        1|     -|       yes|         -|         -|            -|   134 (~0%)|    -|
    |   + trunc_ln657_64_addsub_0_0_ap_fixed_40_1_5_3_0_ap_fixed_40_1_0_3_0_ap_uint_1_s_fu_1164   |      II|  -6.11|        0|      0.000|         -|        1|     -|       yes|         -|         -|            -|   134 (~0%)|    -|
    |   + trunc_ln657_67_addsub_0_0_ap_fixed_40_1_5_3_0_ap_fixed_40_1_0_3_0_ap_uint_1_s_fu_1173   |      II|  -6.11|        0|      0.000|         -|        1|     -|       yes|         -|         -|            -|   134 (~0%)|    -|
    |   + trunc_ln657_70_addsub_0_0_ap_fixed_40_1_5_3_0_ap_fixed_40_1_0_3_0_ap_uint_1_s_fu_1182   |      II|  -6.11|        0|      0.000|         -|        1|     -|       yes|         -|         -|            -|   134 (~0%)|    -|
    |   + trunc_ln657_73_addsub_0_0_ap_fixed_40_1_5_3_0_ap_fixed_40_1_0_3_0_ap_uint_1_s_fu_1190   |      II|  -6.11|        0|      0.000|         -|        1|     -|       yes|         -|         -|            -|   134 (~0%)|    -|
    |   + trunc_ln657_76_addsub_0_0_ap_fixed_40_1_5_3_0_ap_fixed_40_1_0_3_0_ap_uint_1_s_fu_1199   |      II|  -6.11|        0|      0.000|         -|        1|     -|       yes|         -|         -|            -|   134 (~0%)|    -|
    |   + trunc_ln657_79_addsub_0_0_ap_fixed_40_1_5_3_0_ap_fixed_40_1_0_3_0_ap_uint_1_s_fu_1208   |      II|  -6.11|        0|      0.000|         -|        1|     -|       yes|         -|         -|            -|   134 (~0%)|    -|
    |   + trunc_ln657_82_addsub_0_0_ap_fixed_40_1_5_3_0_ap_fixed_40_1_0_3_0_ap_uint_1_s_fu_1217   |      II|  -6.11|        0|      0.000|         -|        1|     -|       yes|         -|         -|            -|   134 (~0%)|    -|
    |   + trunc_ln657_85_addsub_0_0_ap_fixed_40_1_5_3_0_ap_fixed_40_1_0_3_0_ap_uint_1_s_fu_1226   |      II|  -6.11|        0|      0.000|         -|        1|     -|       yes|         -|         -|            -|   134 (~0%)|    -|
    |   + trunc_ln657_88_addsub_0_0_ap_fixed_40_1_5_3_0_ap_fixed_40_1_0_3_0_ap_uint_1_s_fu_1234   |      II|  -6.11|        0|      0.000|         -|        1|     -|       yes|         -|         -|            -|   134 (~0%)|    -|
    |   + trunc_ln657_91_addsub_0_0_ap_fixed_40_1_5_3_0_ap_fixed_40_1_0_3_0_ap_uint_1_s_fu_1243   |      II|  -6.11|        0|      0.000|         -|        1|     -|       yes|         -|         -|            -|   134 (~0%)|    -|
    |   + trunc_ln657_94_addsub_0_0_ap_fixed_40_1_5_3_0_ap_fixed_40_1_0_3_0_ap_uint_1_s_fu_1252   |      II|  -6.11|        0|      0.000|         -|        1|     -|       yes|         -|         -|            -|   134 (~0%)|    -|
    |   + trunc_ln657_97_addsub_0_0_ap_fixed_40_1_5_3_0_ap_fixed_40_1_0_3_0_ap_uint_1_s_fu_1261   |      II|  -6.11|        0|      0.000|         -|        1|     -|       yes|         -|         -|            -|   134 (~0%)|    -|
    |   + trunc_ln657_100_addsub_0_0_ap_fixed_40_1_5_3_0_ap_fixed_40_1_0_3_0_ap_uint_1_s_fu_1270  |      II|  -6.11|        0|      0.000|         -|        1|     -|       yes|         -|         -|            -|   134 (~0%)|    -|
    |   + trunc_ln657_103_addsub_0_0_ap_fixed_40_1_5_3_0_ap_fixed_40_1_0_3_0_ap_uint_1_s_fu_1278  |      II|  -6.11|        0|      0.000|         -|        1|     -|       yes|         -|         -|            -|   134 (~0%)|    -|
    |   + trunc_ln657_106_addsub_0_0_ap_fixed_40_1_5_3_0_ap_fixed_40_1_0_3_0_ap_uint_1_s_fu_1287  |      II|  -6.11|        0|      0.000|         -|        1|     -|       yes|         -|         -|            -|   134 (~0%)|    -|
    |   + trunc_ln657_109_addsub_0_0_ap_fixed_40_1_5_3_0_ap_fixed_40_1_0_3_0_ap_uint_1_s_fu_1296  |      II|  -6.11|        0|      0.000|         -|        1|     -|       yes|         -|         -|            -|   134 (~0%)|    -|
    |   + trunc_ln657_112_addsub_0_0_ap_fixed_40_1_5_3_0_ap_fixed_40_1_0_3_0_ap_uint_1_s_fu_1305  |      II|  -6.11|        0|      0.000|         -|        1|     -|       yes|         -|         -|            -|   134 (~0%)|    -|
    |   + trunc_ln657_115_addsub_0_0_ap_fixed_40_1_5_3_0_ap_fixed_40_1_0_3_0_ap_uint_1_s_fu_1314  |      II|  -6.11|        0|      0.000|         -|        1|     -|       yes|         -|         -|            -|   134 (~0%)|    -|
    |   + trunc_ln657_118_addsub_0_0_ap_fixed_40_1_5_3_0_ap_fixed_40_1_0_3_0_ap_uint_1_s_fu_1322  |      II|  -6.11|        0|      0.000|         -|        1|     -|       yes|         -|         -|            -|   134 (~0%)|    -|
    |   + trunc_ln657_120_addsub_0_0_ap_fixed_40_1_5_3_0_ap_fixed_40_1_0_3_0_ap_uint_1_s_fu_1331  |      II|  -6.11|        0|      0.000|         -|        1|     -|       yes|         -|         -|            -|   134 (~0%)|    -|
    |   + trunc_ln657_121_addsub_0_0_ap_fixed_40_1_5_3_0_ap_fixed_40_1_0_3_0_ap_uint_1_s_fu_1340  |      II|  -6.11|        0|      0.000|         -|        1|     -|       yes|         -|         -|            -|   134 (~0%)|    -|
    | + grp_pow_generic_double_s_fu_754                                                           |      II|  -0.17|       17|    170.000|         -|        1|     -|       yes|   5 (~0%)|  36 (~0%)|   3918 (~0%)|  7163 (~0%)|    -|
    | + grp_pow_generic_double_s_fu_783                                                           |      II|  -0.17|       17|    170.000|         -|        1|     -|       yes|   5 (~0%)|  36 (~0%)|   3918 (~0%)|  7163 (~0%)|    -|
    | o VITIS_LOOP_20_1                                                                           |       -|  -7.30|      340|  3.400e+03|         1|        1|   340|       yes|         -|         -|            -|           -|    -|
    | o VITIS_LOOP_21_2                                                                           |       -|  -7.30|      340|  3.400e+03|         1|        1|   340|       yes|         -|         -|            -|           -|    -|
    | o VITIS_LOOP_22_3                                                                           |       -|  -7.30|      340|  3.400e+03|         1|        1|   340|       yes|         -|         -|            -|           -|    -|
    | o VITIS_LOOP_23_4                                                                           |       -|  -7.30|      433|  4.330e+03|        95|        1|   340|       yes|         -|         -|            -|           -|    -|
    | o VITIS_LOOP_346_5                                                                          |       -|  -7.30|      341|  3.410e+03|         3|        1|   340|       yes|         -|         -|            -|           -|    -|
    +---------------------------------------------------------------------------------------------+--------+-------+---------+-----------+----------+---------+------+----------+----------+----------+-------------+------------+-----+

