

================================================================
== Synthesis Summary Report of 'encode_rs'
================================================================
+ General Information: 
    * Date:           Tue Aug  3 04:45:03 2021
    * Version:        2020.2 (Build 3064766 on Wed Nov 18 09:12:47 MST 2020)
    * Project:        rscode
    * Solution:       solution1 (Vivado IP Flow Target)
    * Product family: virtexuplus
    * Target device:  xcvu37p-fsvh2892-2L-e
    

+ Performance & Resource Estimates: 
    
    PS: '+' for module; 'o' for loop; '*' for dataflow
    +---------------------+------+-------+---------+-----------+----------+---------+------+----------+---------+----+------------+------------+-----+
    |       Modules       | Issue|       | Latency |  Latency  | Iteration|         | Trip |          |         |    |            |            |     |
    |       & Loops       | Type | Slack | (cycles)|    (ns)   |  Latency | Interval| Count| Pipelined|  BRAM   | DSP|     FF     |     LUT    | URAM|
    +---------------------+------+-------+---------+-----------+----------+---------+------+----------+---------+----+------------+------------+-----+
    |+ encode_rs          |     -|  -3.68|    16626|  1.663e+05|         -|    16627|     -|        no|  2 (~0%)|   -|  49310 (1%)|  39523 (3%)|    -|
    | o VITIS_LOOP_60_1   |    II|  -7.30|       16|    160.000|         2|        2|     8|       yes|        -|   -|           -|           -|    -|
    | o VITIS_LOOP_70_2   |    II|  -7.30|      492|  4.920e+03|         2|        2|   246|       yes|        -|   -|           -|           -|    -|
    | o VITIS_LOOP_79_3   |     -|  -7.30|      255|  2.550e+03|         2|        1|   255|       yes|        -|   -|           -|           -|    -|
    | o VITIS_LOOP_90_1   |     -|  -7.30|     6080|  6.080e+04|       320|        -|    19|        no|        -|   -|           -|           -|    -|
    |  o VITIS_LOOP_93_2  |    II|  -7.30|      301|  3.010e+03|        17|       15|    20|       yes|        -|   -|           -|           -|    -|
    | o VITIS_LOOP_105_3  |     -|  -7.30|       22|    220.000|         3|        1|    21|       yes|        -|   -|           -|           -|    -|
    | o VITIS_LOOP_107_4  |     -|  -7.30|       21|    210.000|         2|        1|    21|       yes|        -|   -|           -|           -|    -|
    | o VITIS_LOOP_20_1   |     -|  -7.30|      235|  2.350e+03|         1|        1|   235|       yes|        -|   -|           -|           -|    -|
    | o VITIS_LOOP_22_2   |     -|  -7.30|       20|    200.000|         1|        1|    20|       yes|        -|   -|           -|           -|    -|
    | o VITIS_LOOP_23_3   |    II|  -7.30|     9174|  9.174e+04|        49|       39|   235|       yes|        -|   -|           -|           -|    -|
    | o VITIS_LOOP_44_6   |     -|  -7.30|       20|    200.000|         2|        1|    20|       yes|        -|   -|           -|           -|    -|
    | o VITIS_LOOP_47_7   |     -|  -7.30|       21|    210.000|         3|        1|    20|       yes|        -|   -|           -|           -|    -|
    | o VITIS_LOOP_49_8   |     -|  -7.30|      236|  2.360e+03|         3|        1|   235|       yes|        -|   -|           -|           -|    -|
    +---------------------+------+-------+---------+-----------+----------+---------+------+----------+---------+----+------------+------------+-----+

