Copyright 1986-2020 Xilinx, Inc. All Rights Reserved.
-----------------------------------------------------------------------------------------
| Tool Version : Vivado v.2020.2 (lin64) Build 3064766 Wed Nov 18 09:12:47 MST 2020
| Date         : Thu Aug  5 01:39:21 2021
| Host         : caohy168 running 64-bit Ubuntu 20.04.2 LTS
| Command      : report_control_sets -verbose -file bd_0_wrapper_control_sets_placed.rpt
| Design       : bd_0_wrapper
| Device       : xcvu37p
-----------------------------------------------------------------------------------------

Control Set Information

Table of Contents
-----------------
1. Summary
2. Histogram
3. Flip-Flop Distribution
4. Detailed Control Set Information

1. Summary
----------

+----------------------------------------------------------+-------+
|                          Status                          | Count |
+----------------------------------------------------------+-------+
| Total control sets                                       |   158 |
|    Minimum number of control sets                        |   158 |
|    Addition due to synthesis replication                 |     0 |
|    Addition due to physical synthesis replication        |     0 |
| Unused register locations in slices containing registers |   189 |
+----------------------------------------------------------+-------+
* Control sets can be merged at opt_design using control_set_merge or merge_equivalent_drivers
** Run report_qor_suggestions for automated merging and remapping suggestions


2. Histogram
------------

+--------------------+-------+
|       Fanout       | Count |
+--------------------+-------+
| Total control sets |   158 |
| >= 0 to < 4        |     7 |
| >= 4 to < 6        |    31 |
| >= 6 to < 8        |     5 |
| >= 8 to < 10       |    53 |
| >= 10 to < 12      |    14 |
| >= 12 to < 14      |     2 |
| >= 14 to < 16      |     1 |
| >= 16              |    45 |
+--------------------+-------+
* Control sets can be remapped at either synth_design or opt_design


3. Flip-Flop Distribution
-------------------------

+--------------+-----------------------+------------------------+-----------------+--------------+
| Clock Enable | Synchronous Set/Reset | Asynchronous Set/Reset | Total Registers | Total Slices |
+--------------+-----------------------+------------------------+-----------------+--------------+
| No           | No                    | No                     |            2850 |          460 |
| No           | No                    | Yes                    |               0 |            0 |
| No           | Yes                   | No                     |             365 |          128 |
| Yes          | No                    | No                     |            1375 |          314 |
| Yes          | No                    | Yes                    |               0 |            0 |
| Yes          | Yes                   | No                     |             757 |          161 |
+--------------+-----------------------+------------------------+-----------------+--------------+


4. Detailed Control Set Information
-----------------------------------

+--------------+--------------------------------------------------------------------------------------------------------------------------------------------+------------------------------------------------------------------+------------------+----------------+--------------+
| Clock Signal |                                                                Enable Signal                                                               |                         Set/Reset Signal                         | Slice Load Count | Bel Load Count | Bels / Slice |
+--------------+--------------------------------------------------------------------------------------------------------------------------------------------+------------------------------------------------------------------+------------------+----------------+--------------+
|  ap_clk      | bd_0_i/hls_inst/inst/reg_20120                                                                                                             |                                                                  |                1 |              1 |         1.00 |
|  ap_clk      | bd_0_i/hls_inst/inst/ap_CS_fsm_pp9_stage0                                                                                                  |                                                                  |                2 |              2 |         1.00 |
|  ap_clk      | bd_0_i/hls_inst/inst/ap_CS_fsm_pp25_stage0                                                                                                 |                                                                  |                2 |              2 |         1.00 |
|  ap_clk      | bd_0_i/hls_inst/inst/ap_CS_fsm_pp23_stage0                                                                                                 |                                                                  |                2 |              2 |         1.00 |
|  ap_clk      | bd_0_i/hls_inst/inst/regslice_both_recd_out_U/icmp_ln293_reg_53260                                                                         |                                                                  |                1 |              2 |         2.00 |
|  ap_clk      | bd_0_i/hls_inst/inst/ap_CS_fsm_pp17_stage0                                                                                                 |                                                                  |                2 |              2 |         1.00 |
|  ap_clk      | bd_0_i/hls_inst/inst/ap_CS_fsm_pp26_stage0                                                                                                 |                                                                  |                2 |              3 |         1.50 |
|  ap_clk      | bd_0_i/hls_inst/inst/i_16_reg_16560                                                                                                        | bd_0_i/hls_inst/inst/ap_NS_fsm172_out                            |                1 |              4 |         4.00 |
|  ap_clk      | bd_0_i/hls_inst/inst/ap_NS_fsm172_out                                                                                                      | bd_0_i/hls_inst/inst/select_ln195_reg_4732                       |                1 |              4 |         4.00 |
|  ap_clk      | bd_0_i/hls_inst/inst/ap_NS_fsm157_out                                                                                                      |                                                                  |                2 |              4 |         2.00 |
|  ap_clk      | bd_0_i/hls_inst/inst/ap_CS_fsm_state391                                                                                                    | bd_0_i/hls_inst/inst/ap_NS_fsm139_out                            |                1 |              4 |         4.00 |
|  ap_clk      | bd_0_i/hls_inst/inst/reg_addr_1_reg_49500                                                                                                  |                                                                  |                1 |              4 |         4.00 |
|  ap_clk      | bd_0_i/hls_inst/inst/ap_CS_fsm_state297                                                                                                    |                                                                  |                2 |              4 |         2.00 |
|  ap_clk      | bd_0_i/hls_inst/inst/ap_CS_fsm_state292                                                                                                    | bd_0_i/hls_inst/inst/i_22_reg_17380                              |                1 |              4 |         4.00 |
|  ap_clk      | bd_0_i/hls_inst/inst/z_U/decode_rs_z_ram_U/ap_enable_reg_pp25_iter1_reg                                                                    | bd_0_i/hls_inst/inst/j_6_reg_1810                                |                1 |              4 |         4.00 |
|  ap_clk      | bd_0_i/hls_inst/inst/ap_CS_fsm_state291                                                                                                    |                                                                  |                1 |              4 |         4.00 |
|  ap_clk      | bd_0_i/hls_inst/inst/ap_CS_fsm_state251                                                                                                    |                                                                  |                4 |              4 |         1.00 |
|  ap_clk      | bd_0_i/hls_inst/inst/add_ln199_1_reg_49110                                                                                                 |                                                                  |                1 |              4 |         4.00 |
|  ap_clk      | bd_0_i/hls_inst/inst/add_ln249_reg_51990                                                                                                   |                                                                  |                1 |              4 |         4.00 |
|  ap_clk      | bd_0_i/hls_inst/inst/j_4_reg_16920                                                                                                         | bd_0_i/hls_inst/inst/ap_NS_fsm151_out                            |                1 |              4 |         4.00 |
|  ap_clk      | bd_0_i/hls_inst/inst/j_7_reg_18460                                                                                                         | bd_0_i/hls_inst/inst/j_7_reg_1846                                |                1 |              4 |         4.00 |
|  ap_clk      | bd_0_i/hls_inst/inst/ap_CS_fsm[137]_i_1_n_27                                                                                               |                                                                  |                3 |              4 |         1.33 |
|  ap_clk      |                                                                                                                                            | bd_0_i/hls_inst/inst/ap_NS_fsm157_out                            |                2 |              4 |         2.00 |
|  ap_clk      | bd_0_i/hls_inst/inst/ap_CS_fsm_state2                                                                                                      |                                                                  |                2 |              5 |         2.50 |
|  ap_clk      | bd_0_i/hls_inst/inst/ap_CS_fsm_state118                                                                                                    |                                                                  |                2 |              5 |         2.50 |
|  ap_clk      | bd_0_i/hls_inst/inst/gg_addr_1_reg_42630                                                                                                   |                                                                  |                2 |              5 |         2.50 |
|  ap_clk      | bd_0_i/hls_inst/inst/gg_addr_2_reg_41840                                                                                                   |                                                                  |                2 |              5 |         2.50 |
|  ap_clk      | bd_0_i/hls_inst/inst/ap_CS_fsm_state102                                                                                                    |                                                                  |                2 |              5 |         2.50 |
|  ap_clk      |                                                                                                                                            | bd_0_i/hls_inst/inst/ap_CS_fsm_state196                          |                1 |              5 |         5.00 |
|  ap_clk      |                                                                                                                                            | bd_0_i/hls_inst/inst/i_10_reg_1881[6]_i_1_n_27                   |                2 |              5 |         2.50 |
|  ap_clk      | bd_0_i/hls_inst/inst/ap_NS_fsm[119]                                                                                                        |                                                                  |                4 |              5 |         1.25 |
|  ap_clk      | bd_0_i/hls_inst/inst/gg_U/decode_rs_gg_ram_U/i_3_reg_1308_reg[1]                                                                           |                                                                  |                2 |              5 |         2.50 |
|  ap_clk      | bd_0_i/hls_inst/inst/p_1_in                                                                                                                |                                                                  |                1 |              5 |         5.00 |
|  ap_clk      | bd_0_i/hls_inst/inst/p_pre_phi_reg_1574[4]_i_1_n_27                                                                                        |                                                                  |                3 |              5 |         1.67 |
|  ap_clk      | bd_0_i/hls_inst/inst/elp_U/decode_rs_elp_ram_U/ap_CS_fsm_reg[58][0]                                                                        | bd_0_i/hls_inst/inst/ap_CS_fsm_state104                          |                2 |              5 |         2.50 |
|  ap_clk      | bd_0_i/hls_inst/inst/icmp_ln192_reg_47240                                                                                                  |                                                                  |                2 |              5 |         2.50 |
|  ap_clk      | bd_0_i/hls_inst/inst/elp_U/decode_rs_elp_ram_U/i_13_reg_1541_reg[2][0]                                                                     | bd_0_i/hls_inst/inst/ap_CS_fsm_state116                          |                1 |              5 |         5.00 |
|  ap_clk      | bd_0_i/hls_inst/inst/i_5_cast_reg_4283_reg0                                                                                                |                                                                  |                2 |              5 |         2.50 |
|  ap_clk      | bd_0_i/hls_inst/inst/addr_cmp175_reg_42140                                                                                                 |                                                                  |                3 |              6 |         2.00 |
|  ap_clk      | bd_0_i/hls_inst/inst/add_ln53_reg_4204[5]_i_1_n_27                                                                                         | bd_0_i/hls_inst/inst/gg_U/decode_rs_gg_ram_U/i_3_reg_1308_reg[1] |                3 |              6 |         2.00 |
|  ap_clk      | bd_0_i/hls_inst/inst/add_ln53_reg_4204[5]_i_1_n_27                                                                                         |                                                                  |                3 |              6 |         2.00 |
|  ap_clk      | bd_0_i/hls_inst/inst/ap_CS_fsm_pp4_stage0                                                                                                  |                                                                  |                2 |              7 |         3.50 |
|  ap_clk      | bd_0_i/hls_inst/inst/ap_CS_fsm_pp3_stage0                                                                                                  |                                                                  |                4 |              7 |         1.75 |
|  ap_clk      | bd_0_i/hls_inst/inst/empty_67_reg_1610[7]_i_1_n_27                                                                                         |                                                                  |                2 |              8 |         4.00 |
|  ap_clk      | bd_0_i/hls_inst/inst/i_19_reg_16450                                                                                                        | bd_0_i/hls_inst/inst/i_19_reg_1645                               |                3 |              8 |         2.67 |
|  ap_clk      |                                                                                                                                            | bd_0_i/hls_inst/inst/ap_CS_fsm_state55                           |                3 |              8 |         2.67 |
|  ap_clk      |                                                                                                                                            | bd_0_i/hls_inst/inst/ap_CS_fsm_state59                           |                2 |              8 |         4.00 |
|  ap_clk      | bd_0_i/hls_inst/inst/p_in_in_reg_1635[7]_i_1_n_27                                                                                          |                                                                  |                5 |              8 |         1.60 |
|  ap_clk      | bd_0_i/hls_inst/inst/recd_addr_5_reg_4862[7]_i_1_n_27                                                                                      |                                                                  |                4 |              8 |         2.00 |
|  ap_clk      | bd_0_i/hls_inst/inst/recd_addr_4_reg_5305[7]_i_1_n_27                                                                                      |                                                                  |                4 |              8 |         2.00 |
|  ap_clk      | bd_0_i/hls_inst/inst/recd_addr_6_reg_4992[7]_i_1_n_27                                                                                      |                                                                  |                4 |              8 |         2.00 |
|  ap_clk      | bd_0_i/hls_inst/inst/loc_U/decode_rs_loc_ram_U/p_0_in                                                                                      |                                                                  |                1 |              8 |         8.00 |
|  ap_clk      | bd_0_i/hls_inst/inst/grp_fu_3953_ap_start                                                                                                  |                                                                  |                3 |              8 |         2.67 |
|  ap_clk      | bd_0_i/hls_inst/inst/ap_CS_fsm_state250                                                                                                    |                                                                  |                5 |              8 |         1.60 |
|  ap_clk      | bd_0_i/hls_inst/inst/loc_U/decode_rs_loc_ram_U/loc_ce0                                                                                     |                                                                  |                1 |              8 |         8.00 |
|  ap_clk      | bd_0_i/hls_inst/inst/i_21_reg_17270                                                                                                        | bd_0_i/hls_inst/inst/ap_NS_fsm154_out                            |                3 |              8 |         2.67 |
|  ap_clk      | bd_0_i/hls_inst/inst/empty_79_reg_1762[7]_i_1_n_27                                                                                         |                                                                  |                5 |              8 |         1.60 |
|  ap_clk      | bd_0_i/hls_inst/inst/recd_addr_1_reg_43100                                                                                                 |                                                                  |                4 |              8 |         2.00 |
|  ap_clk      | bd_0_i/hls_inst/inst/regslice_both_recd_in_U/recd_in_TREADY_int_regslice                                                                   | bd_0_i/hls_inst/inst/ap_CS_fsm_state53                           |                2 |              8 |         4.00 |
|  ap_clk      | bd_0_i/hls_inst/inst/j_1_reg_14310                                                                                                         | bd_0_i/hls_inst/inst/j_1_reg_1431                                |                2 |              8 |         4.00 |
|  ap_clk      | bd_0_i/hls_inst/inst/srem_10ns_9ns_8_14_seq_1_U2/decode_rs_srem_10ns_9ns_8_14_seq_1_div_U/decode_rs_srem_10ns_9ns_8_14_seq_1_div_u_0/E[0]  |                                                                  |                3 |              8 |         2.67 |
|  ap_clk      | bd_0_i/hls_inst/inst/trunc_ln202_reg_4932[7]_i_1_n_27                                                                                      |                                                                  |                4 |              8 |         2.00 |
|  ap_clk      | bd_0_i/hls_inst/inst/srem_11ns_9ns_8_15_seq_1_U11/decode_rs_srem_11ns_9ns_8_15_seq_1_div_U/decode_rs_srem_11ns_9ns_8_15_seq_1_div_u_0/E[0] |                                                                  |                2 |              8 |         4.00 |
|  ap_clk      | bd_0_i/hls_inst/inst/i_8_cast_reg_4335_reg0                                                                                                |                                                                  |                2 |              8 |         4.00 |
|  ap_clk      | bd_0_i/hls_inst/inst/ap_CS_fsm_state7                                                                                                      | bd_0_i/hls_inst/inst/ap_CS_fsm_state5                            |                2 |              8 |         4.00 |
|  ap_clk      | bd_0_i/hls_inst/inst/i_24_reg_17870                                                                                                        | bd_0_i/hls_inst/inst/i_24_reg_1787                               |                1 |              8 |         8.00 |
|  ap_clk      | bd_0_i/hls_inst/inst/i_2_reg_1297[7]_i_1_n_27                                                                                              | bd_0_i/hls_inst/inst/ap_CS_fsm_state8                            |                2 |              8 |         4.00 |
|  ap_clk      | bd_0_i/hls_inst/inst/recd_addr_7_reg_5141[7]_i_1_n_27                                                                                      |                                                                  |                3 |              8 |         2.67 |
|  ap_clk      | bd_0_i/hls_inst/inst/i_2_cast_reg_4143_reg0                                                                                                |                                                                  |                3 |              8 |         2.67 |
|  ap_clk      | bd_0_i/hls_inst/inst/srem_32ns_9ns_9_36_seq_1_U10/decode_rs_srem_32ns_9ns_9_36_seq_1_div_U/decode_rs_srem_32ns_9ns_9_36_seq_1_div_u_0/E[0] |                                                                  |                4 |              9 |         2.25 |
|  ap_clk      | bd_0_i/hls_inst/inst/p_23_in                                                                                                               |                                                                  |                5 |              9 |         1.80 |
|  ap_clk      | bd_0_i/hls_inst/inst/ap_CS_fsm_state243                                                                                                    | bd_0_i/hls_inst/inst/i_20_reg_1679                               |                3 |              9 |         3.00 |
|  ap_clk      | bd_0_i/hls_inst/inst/ap_CS_fsm_state292                                                                                                    |                                                                  |                1 |              9 |         9.00 |
|  ap_clk      | bd_0_i/hls_inst/inst/ap_CS_fsm_state323                                                                                                    |                                                                  |                2 |              9 |         4.50 |
|  ap_clk      | bd_0_i/hls_inst/inst/empty_81_reg_50840                                                                                                    |                                                                  |                4 |              9 |         2.25 |
|  ap_clk      | bd_0_i/hls_inst/inst/i_15_reg_15631                                                                                                        |                                                                  |                3 |              9 |         3.00 |
|  ap_clk      | bd_0_i/hls_inst/inst/s_U/decode_rs_s_ram_U/s_ce0                                                                                           |                                                                  |                3 |              9 |         3.00 |
|  ap_clk      | bd_0_i/hls_inst/inst/root_U/decode_rs_root_ram_U/p_37_in                                                                                   |                                                                  |                1 |              9 |         9.00 |
|  ap_clk      | bd_0_i/hls_inst/inst/reg_20160                                                                                                             |                                                                  |                3 |              9 |         3.00 |
|  ap_clk      | bd_0_i/hls_inst/inst/root_U/decode_rs_root_ram_U/p_0_in                                                                                    |                                                                  |                1 |              9 |         9.00 |
|  ap_clk      | bd_0_i/hls_inst/inst/z_U/decode_rs_z_ram_U/ap_enable_reg_pp25_iter1_reg                                                                    |                                                                  |                2 |              9 |         4.50 |
|  ap_clk      | bd_0_i/hls_inst/inst/z_U/decode_rs_z_ram_U/z_ce0                                                                                           |                                                                  |                1 |              9 |         9.00 |
|  ap_clk      |                                                                                                                                            | bd_0_i/hls_inst/inst/ap_NS_fsm171_out                            |                4 |              9 |         2.25 |
|  ap_clk      |                                                                                                                                            | bd_0_i/hls_inst/inst/ap_enable_reg_pp15_iter00                   |                4 |              9 |         2.25 |
|  ap_clk      | bd_0_i/hls_inst/inst/s_U/decode_rs_s_ram_U/ram_reg_0_15_0_0__0_i_1_n_27                                                                    |                                                                  |                1 |              9 |         9.00 |
|  ap_clk      | bd_0_i/hls_inst/inst/s_U/decode_rs_s_ram_U/ram_reg_0_15_0_0_i_1__3_n_27                                                                    |                                                                  |                1 |              9 |         9.00 |
|  ap_clk      | bd_0_i/hls_inst/inst/trunc_ln186_reg_48010                                                                                                 |                                                                  |                3 |              9 |         3.00 |
|  ap_clk      | bd_0_i/hls_inst/inst/l_U/decode_rs_l_ram_U/ap_CS_fsm_reg[71][0]                                                                            |                                                                  |                2 |              9 |         4.50 |
|  ap_clk      | bd_0_i/hls_inst/inst/d_U/decode_rs_d_ram_U/q0[8]_i_1__4_n_27                                                                               |                                                                  |                1 |              9 |         9.00 |
|  ap_clk      | bd_0_i/hls_inst/inst/d_U/decode_rs_d_ram_U/ram_reg_0_15_0_0__0_i_1__0_n_27                                                                 |                                                                  |                1 |              9 |         9.00 |
|  ap_clk      | bd_0_i/hls_inst/inst/d_U/decode_rs_d_ram_U/ram_reg_0_15_0_0_i_2__3_n_27                                                                    |                                                                  |                1 |              9 |         9.00 |
|  ap_clk      | bd_0_i/hls_inst/inst/elp_U/decode_rs_elp_ram_U/ap_CS_fsm_reg[74][0]                                                                        |                                                                  |                2 |              9 |         4.50 |
|  ap_clk      | bd_0_i/hls_inst/inst/index_of_U/decode_rs_index_of_ram_U/index_of_ce0                                                                      |                                                                  |                5 |              9 |         1.80 |
|  ap_clk      | bd_0_i/hls_inst/inst/ap_NS_fsm[74]                                                                                                         |                                                                  |                2 |              9 |         4.50 |
|  ap_clk      | bd_0_i/hls_inst/inst/elp_U/decode_rs_elp_ram_U/ap_CS_fsm_reg[112]                                                                          |                                                                  |                3 |              9 |         3.00 |
|  ap_clk      | bd_0_i/hls_inst/inst/elp_U/decode_rs_elp_ram_U/ap_enable_reg_pp16_iter0_reg_0                                                              |                                                                  |                5 |              9 |         1.80 |
|  ap_clk      | bd_0_i/hls_inst/inst/ap_CS_fsm_state46                                                                                                     | bd_0_i/hls_inst/inst/ap_CS_fsm_state11                           |                3 |             10 |         3.33 |
|  ap_clk      | bd_0_i/hls_inst/inst/ap_CS_fsm_pp18_stage0                                                                                                 |                                                                  |                6 |             10 |         1.67 |
|  ap_clk      | bd_0_i/hls_inst/inst/ap_CS_fsm_pp24_stage0                                                                                                 |                                                                  |                4 |             10 |         2.50 |
|  ap_clk      | bd_0_i/hls_inst/inst/ap_CS_fsm_pp27_stage0                                                                                                 |                                                                  |                7 |             10 |         1.43 |
|  ap_clk      | bd_0_i/hls_inst/inst/ap_CS_fsm_pp22_stage0                                                                                                 |                                                                  |                6 |             10 |         1.67 |
|  ap_clk      | bd_0_i/hls_inst/inst/ap_CS_fsm_pp21_stage0                                                                                                 |                                                                  |                4 |             10 |         2.50 |
|  ap_clk      | bd_0_i/hls_inst/inst/ap_CS_fsm_state165                                                                                                    |                                                                  |                7 |             10 |         1.43 |
|  ap_clk      | bd_0_i/hls_inst/inst/ap_CS_fsm_state249                                                                                                    |                                                                  |                5 |             10 |         2.00 |
|  ap_clk      | bd_0_i/hls_inst/inst/ap_CS_fsm_pp7_stage0                                                                                                  |                                                                  |                5 |             10 |         2.00 |
|  ap_clk      | bd_0_i/hls_inst/inst/ap_CS_fsm_state30                                                                                                     |                                                                  |                3 |             10 |         3.33 |
|  ap_clk      | bd_0_i/hls_inst/inst/ap_CS_fsm_pp15_stage0                                                                                                 |                                                                  |                8 |             11 |         1.38 |
|  ap_clk      | bd_0_i/hls_inst/inst/ap_CS_fsm_pp19_stage0                                                                                                 |                                                                  |                8 |             11 |         1.38 |
|  ap_clk      | bd_0_i/hls_inst/inst/srem_10ns_9ns_8_14_seq_1_U2/decode_rs_srem_10ns_9ns_8_14_seq_1_div_U/start0                                           |                                                                  |                7 |             11 |         1.57 |
|  ap_clk      | bd_0_i/hls_inst/inst/ap_CS_fsm_state120                                                                                                    |                                                                  |                2 |             11 |         5.50 |
|  ap_clk      | bd_0_i/hls_inst/inst/srem_11ns_9ns_8_15_seq_1_U11/decode_rs_srem_11ns_9ns_8_15_seq_1_div_U/start0                                          |                                                                  |                3 |             12 |         4.00 |
|  ap_clk      | bd_0_i/hls_inst/inst/phi_mul_reg_14420                                                                                                     | bd_0_i/hls_inst/inst/phi_mul_reg_1442                            |                2 |             13 |         6.50 |
|  ap_clk      | bd_0_i/hls_inst/inst/ap_CS_fsm_state115                                                                                                    |                                                                  |                7 |             14 |         2.00 |
|  ap_clk      | bd_0_i/hls_inst/inst/elp_addr_10_reg_46690                                                                                                 |                                                                  |                6 |             16 |         2.67 |
|  ap_clk      | bd_0_i/hls_inst/inst/add_ln138_3_reg_47670                                                                                                 |                                                                  |                6 |             16 |         2.67 |
|  ap_clk      | bd_0_i/hls_inst/inst/ap_CS_fsm_state298                                                                                                    |                                                                  |                4 |             17 |         4.25 |
|  ap_clk      | bd_0_i/hls_inst/inst/ap_CS_fsm_state109                                                                                                    |                                                                  |                7 |             19 |         2.71 |
|  ap_clk      | bd_0_i/hls_inst/inst/reg_20120                                                                                                             | bd_0_i/hls_inst/inst/reg_2012                                    |                4 |             31 |         7.75 |
|  ap_clk      | bd_0_i/hls_inst/inst/q_2_reg_1531[31]_i_1_n_27                                                                                             |                                                                  |               15 |             32 |         2.13 |
|  ap_clk      | bd_0_i/hls_inst/inst/q_reg_1521[31]_i_1_n_27                                                                                               |                                                                  |               10 |             32 |         3.20 |
|  ap_clk      | bd_0_i/hls_inst/inst/q_8_reg_1857                                                                                                          | bd_0_i/hls_inst/inst/q_8_reg_1857[0]_i_1_n_27                    |                4 |             32 |         8.00 |
|  ap_clk      | bd_0_i/hls_inst/inst/p_88_in                                                                                                               |                                                                  |               10 |             32 |         3.20 |
|  ap_clk      | bd_0_i/hls_inst/inst/empty_61_fu_2900                                                                                                      | bd_0_i/hls_inst/inst/ap_CS_fsm_state106                          |               13 |             32 |         2.46 |
|  ap_clk      | bd_0_i/hls_inst/inst/q_3_reg_1703                                                                                                          | bd_0_i/hls_inst/inst/ap_NS_fsm151_out                            |                8 |             32 |         4.00 |
|  ap_clk      | bd_0_i/hls_inst/inst/elp_U/decode_rs_elp_ram_U/E[0]                                                                                        | bd_0_i/hls_inst/inst/i_14_reg_1552                               |                5 |             32 |         6.40 |
|  ap_clk      | bd_0_i/hls_inst/inst/i_17_reg_15990                                                                                                        | bd_0_i/hls_inst/inst/i_17_reg_1599                               |                4 |             32 |         8.00 |
|  ap_clk      | bd_0_i/hls_inst/inst/loc_U/decode_rs_loc_ram_U/loc_we0                                                                                     | bd_0_i/hls_inst/inst/ap_CS_fsm_state203                          |                4 |             32 |         8.00 |
|  ap_clk      | bd_0_i/hls_inst/inst/l_U/decode_rs_l_ram_U/ap_CS_fsm_reg[71][0]                                                                            | bd_0_i/hls_inst/inst/l_U/decode_rs_l_ram_U/SR[0]                 |                5 |             32 |         6.40 |
|  ap_clk      | bd_0_i/hls_inst/inst/empty_85_reg_1822                                                                                                     | bd_0_i/hls_inst/inst/empty_85_reg_1822[31]_i_1_n_27              |                9 |             32 |         3.56 |
|  ap_clk      | bd_0_i/hls_inst/inst/reg_U/decode_rs_reg_ram_U/reg_ce1                                                                                     |                                                                  |                3 |             32 |        10.67 |
|  ap_clk      | bd_0_i/hls_inst/inst/regslice_both_recd_in_U/B_V_data_1_load_B                                                                             |                                                                  |               11 |             32 |         2.91 |
|  ap_clk      | bd_0_i/hls_inst/inst/ap_CS_fsm_state102                                                                                                    | bd_0_i/hls_inst/inst/syn_error_1_reg_4406                        |               13 |             32 |         2.46 |
|  ap_clk      | bd_0_i/hls_inst/inst/empty_57_reg_1453                                                                                                     | bd_0_i/hls_inst/inst/empty_57_reg_1453[31]_i_1_n_27              |               17 |             32 |         1.88 |
|  ap_clk      | bd_0_i/hls_inst/inst/regslice_both_recd_in_U/B_V_data_1_payload_A[31]_i_1__0_n_27                                                          |                                                                  |               11 |             32 |         2.91 |
|  ap_clk      | bd_0_i/hls_inst/inst/regslice_both_recd_out_U/B_V_data_1_load_B                                                                            |                                                                  |                5 |             32 |         6.40 |
|  ap_clk      | bd_0_i/hls_inst/inst/regslice_both_recd_out_U/B_V_data_1_payload_A[31]_i_1_n_27                                                            |                                                                  |                5 |             32 |         6.40 |
|  ap_clk      | bd_0_i/hls_inst/inst/u_lu_U/decode_rs_u_lu_ram_U/q0[31]_i_1_n_27                                                                           |                                                                  |                9 |             32 |         3.56 |
|  ap_clk      | bd_0_i/hls_inst/inst/reg_20080                                                                                                             | bd_0_i/hls_inst/inst/reg_2008                                    |                5 |             32 |         6.40 |
|  ap_clk      | bd_0_i/hls_inst/inst/srem_32ns_9ns_9_36_seq_1_U10/decode_rs_srem_32ns_9ns_9_36_seq_1_div_U/start0                                          |                                                                  |                7 |             33 |         4.71 |
|  ap_clk      |                                                                                                                                            | bd_0_i/hls_inst/inst/gg_U/decode_rs_gg_ram_U/i_3_reg_1308_reg[1] |               20 |             33 |         1.65 |
|  ap_clk      | bd_0_i/hls_inst/inst/ap_CS_fsm_state121                                                                                                    |                                                                  |                6 |             33 |         5.50 |
|  ap_clk      | bd_0_i/hls_inst/inst/ap_CS_fsm_pp12_stage0                                                                                                 |                                                                  |               12 |             33 |         2.75 |
|  ap_clk      | bd_0_i/hls_inst/inst/i_reg_12610                                                                                                           | bd_0_i/hls_inst/inst/alpha_to_U/decode_rs_alpha_to_ram_U/SR[0]   |                9 |             36 |         4.00 |
|  ap_clk      | bd_0_i/hls_inst/inst/index_of_U/decode_rs_index_of_ram_U/p_0_in                                                                            |                                                                  |                5 |             36 |         7.20 |
|  ap_clk      | bd_0_i/hls_inst/inst/ap_CS_fsm_state103                                                                                                    | bd_0_i/hls_inst/inst/ap_CS_fsm_state62                           |               14 |             37 |         2.64 |
|  ap_clk      | bd_0_i/hls_inst/inst/ap_CS_fsm_state164                                                                                                    |                                                                  |               11 |             40 |         3.64 |
|  ap_clk      | bd_0_i/hls_inst/inst/ap_CS_fsm_state7                                                                                                      | bd_0_i/hls_inst/inst/ap_CS_fsm_state4                            |               10 |             41 |         4.10 |
|  ap_clk      | bd_0_i/hls_inst/inst/ap_CS_fsm_state116                                                                                                    |                                                                  |               25 |             42 |         1.68 |
|  ap_clk      | bd_0_i/hls_inst/inst/reg_U/decode_rs_reg_ram_U/p_0_in                                                                                      |                                                                  |                3 |             48 |        16.00 |
|  ap_clk      | bd_0_i/hls_inst/inst/j_5_reg_17500                                                                                                         | bd_0_i/hls_inst/inst/j_5_reg_1750                                |                8 |             64 |         8.00 |
|  ap_clk      | bd_0_i/hls_inst/inst/d_U/decode_rs_d_ram_U/ap_CS_fsm_reg[62]_7                                                                             |                                                                  |                8 |             64 |         8.00 |
|  ap_clk      | bd_0_i/hls_inst/inst/u_lu_U/decode_rs_u_lu_ram_U/ram0_reg_0_15_0_0__0_i_1_n_27                                                             |                                                                  |                4 |             64 |        16.00 |
|  ap_clk      | bd_0_i/hls_inst/inst/u_lu_U/decode_rs_u_lu_ram_U/ram0_reg_0_15_0_0_i_2_n_27                                                                |                                                                  |                4 |             64 |        16.00 |
|  ap_clk      | bd_0_i/hls_inst/inst/q_12_reg_14880                                                                                                        | bd_0_i/hls_inst/inst/ap_CS_fsm_state107                          |               13 |             64 |         4.92 |
|  ap_clk      | bd_0_i/hls_inst/inst/u_lu_U/decode_rs_u_lu_ram_U/E[0]                                                                                      |                                                                  |               15 |             96 |         6.40 |
|  ap_clk      | bd_0_i/hls_inst/inst/ap_CS_fsm_state108                                                                                                    |                                                                  |               16 |            101 |         6.31 |
|  ap_clk      |                                                                                                                                            | ap_rst_n                                                         |               94 |            284 |         3.02 |
|  ap_clk      |                                                                                                                                            |                                                                  |              460 |           3070 |         6.67 |
+--------------+--------------------------------------------------------------------------------------------------------------------------------------------+------------------------------------------------------------------+------------------+----------------+--------------+


