

================================================================
== Synthesis Summary Report of 'decode_rs'
================================================================
+ General Information: 
    * Date:           Thu Aug  5 01:22:21 2021
    * Version:        2020.2 (Build 3064766 on Wed Nov 18 09:12:47 MST 2020)
    * Project:        rsdecode
    * Solution:       solution1 (Vivado IP Flow Target)
    * Product family: virtexuplus
    * Target device:  xcvu37p-fsvh2892-2L-e
    

+ Performance & Resource Estimates: 
    
    PS: '+' for module; 'o' for loop; '*' for dataflow
    +-----------------------+------+-------+---------+-----------+----------+---------+------+----------+---------+---------+-------------+------------+-----+
    |        Modules        | Issue|       | Latency |  Latency  | Iteration|         | Trip |          |         |         |             |            |     |
    |        & Loops        | Type | Slack | (cycles)|    (ns)   |  Latency | Interval| Count| Pipelined|  BRAM   |   DSP   |      FF     |     LUT    | URAM|
    +-----------------------+------+-------+---------+-----------+----------+---------+------+----------+---------+---------+-------------+------------+-----+
    |+ decode_rs            |     -|  -3.68|        -|          -|         -|        -|     -|        no|  4 (~0%)|  1 (~0%)|  15035 (~0%)|  16152 (1%)|    -|
    | o VITIS_LOOP_20_1     |    II|  -7.30|       16|    160.000|         2|        2|     8|       yes|        -|        -|            -|           -|    -|
    | o VITIS_LOOP_30_2     |    II|  -7.30|      492|  4.920e+03|         2|        2|   246|       yes|        -|        -|            -|           -|    -|
    | o VITIS_LOOP_39_3     |     -|  -7.30|      255|  2.550e+03|         2|        1|   255|       yes|        -|        -|            -|           -|    -|
    | o VITIS_LOOP_50_1     |     -|  -7.30|     6080|  6.080e+04|       320|        -|    19|        no|        -|        -|            -|           -|    -|
    |  o VITIS_LOOP_53_2    |    II|  -7.30|      301|  3.010e+03|        17|       15|    20|       yes|        -|        -|            -|           -|    -|
    | o VITIS_LOOP_65_3     |     -|  -7.30|       22|    220.000|         3|        1|    21|       yes|        -|        -|            -|           -|    -|
    | o VITIS_LOOP_67_4     |     -|  -7.30|       21|    210.000|         2|        1|    21|       yes|        -|        -|            -|           -|    -|
    | o VITIS_LOOP_85_1     |     -|  -7.30|      255|  2.550e+03|         1|        1|   255|       yes|        -|        -|            -|           -|    -|
    | o VITIS_LOOP_87_2     |     -|  -7.30|      256|  2.560e+03|         3|        1|   255|       yes|        -|        -|            -|           -|    -|
    | o VITIS_LOOP_92_3     |     -|  -7.30|      255|  2.550e+03|         2|        1|   255|       yes|        -|        -|            -|           -|    -|
    | o VITIS_LOOP_93_4     |     -|  -7.30|     5920|  5.920e+04|       296|        -|    20|        no|        -|        -|            -|           -|    -|
    |  o VITIS_LOOP_96_5    |     -|  -7.30|      292|  2.920e+03|        38|        1|   255|       yes|        -|        -|            -|           -|    -|
    | o VITIS_LOOP_120_6    |     -|  -7.30|       19|    190.000|         1|        1|    19|       yes|        -|        -|            -|           -|    -|
    | o VITIS_LOOP_130_7    |     -|  -7.30|        -|          -|         -|        -|     -|        no|        -|        -|            -|           -|    -|
    |  o VITIS_LOOP_136_8   |    II|  -7.30|        -|          -|         3|        2|     -|       yes|        -|        -|            -|           -|    -|
    |  o VITIS_LOOP_146_9   |    II|  -7.30|        -|          -|         2|        2|     -|       yes|        -|        -|            -|           -|    -|
    |  o VITIS_LOOP_152_10  |     -|  -7.30|        -|          -|         2|        1|     -|       yes|        -|        -|            -|           -|    -|
    |  o VITIS_LOOP_166_11  |     -|  -7.30|       20|    200.000|         1|        1|    20|       yes|        -|        -|            -|           -|    -|
    |  o VITIS_LOOP_168_12  |    II|  -7.30|        -|          -|        38|       38|     -|       yes|        -|        -|            -|           -|    -|
    |  o VITIS_LOOP_171_13  |    II|  -7.30|        -|          -|         4|        2|     -|       yes|        -|        -|            -|           -|    -|
    |  o VITIS_LOOP_185_14  |     -|  -7.30|        -|          -|        18|        1|     -|       yes|        -|        -|            -|           -|    -|
    | o VITIS_LOOP_195_15   |     -|  -7.30|       12|    120.000|         3|        1|    11|       yes|        -|        -|            -|           -|    -|
    | o VITIS_LOOP_199_16   |     -|  -7.30|       10|    100.000|         2|        1|    10|       yes|        -|        -|            -|           -|    -|
    | o VITIS_LOOP_202_17   |     -|  -7.30|        -|          -|         -|        -|     -|        no|        -|        -|            -|           -|    -|
    |  o VITIS_LOOP_205_18  |     -|  -7.30|        -|          -|        38|        1|     -|       yes|        -|        -|            -|           -|    -|
    | o VITIS_LOOP_221_19   |     -|  -7.30|      540|  5.400e+03|        54|        -|    10|        no|        -|        -|            -|           -|    -|
    |  o VITIS_LOOP_231_20  |     -|  -7.30|       47|    470.000|        39|        1|     9|       yes|        -|        -|            -|           -|    -|
    | o VITIS_LOOP_238_21   |     -|  -7.30|      256|  2.560e+03|         3|        1|   255|       yes|        -|        -|            -|           -|    -|
    | o VITIS_LOOP_246_22   |     -|  -7.30|        -|          -|         -|        -|     -|        no|        -|        -|            -|           -|    -|
    |  o VITIS_LOOP_249_23  |     -|  -7.30|        -|          -|        23|        1|     -|       yes|        -|        -|            -|           -|    -|
    |  o VITIS_LOOP_256_24  |     -|  -7.30|        -|          -|        17|        1|     -|       yes|        -|        -|            -|           -|    -|
    | o VITIS_LOOP_267_25   |     -|  -7.30|      256|  2.560e+03|         3|        1|   255|       yes|        -|        -|            -|           -|    -|
    | o VITIS_LOOP_276_26   |     -|  -7.30|      256|  2.560e+03|         3|        1|   255|       yes|        -|        -|            -|           -|    -|
    | o VITIS_LOOP_284_27   |     -|  -7.30|      256|  2.560e+03|         3|        1|   255|       yes|        -|        -|            -|           -|    -|
    | o VITIS_LOOP_293_28   |     -|  -7.30|      256|  2.560e+03|         3|        1|   255|       yes|        -|        -|            -|           -|    -|
    +-----------------------+------+-------+---------+-----------+----------+---------+------+----------+---------+---------+-------------+------------+-----+

